"report-def-0-rfile"
"Time Step" "report-def-0 etc.."
("Time Step" "report-def-0" "flow-time")
0 295.15 0
1 295.2651439157565 10
2 295.512803735702 20
3 295.8518424707183 30
4 296.2499287383043 40
5 296.6839372658323 50
6 297.1383098654887 60
7 297.6035420656588 70
8 298.0738760810032 80
9 298.5458713416348 90
10 299.0174736986978 100
11 299.4874644927258 110
12 299.9551240446515 120
13 300.4200317358153 130
14 300.8819456143555 140
15 301.3407305953301 150
16 301.7963154144238 160
17 302.2486669147621 170
18 302.6977746571761 180
19 303.1436417224547 190
20 303.5862792104583 200
21 304.0257029522259 210
22 304.461931544451 220
23 304.8949851749043 230
24 305.3248849206127 240
25 305.7516523287067 250
26 306.1753091662363 260
27 306.5958772710009 270
28 307.0133784627577 280
29 307.4278344905267 290
30 307.8392670014686 300
31 308.2476975226584 310
32 308.6531474505667 320
33 309.0556380451439 330
34 309.4551904266568 340
35 309.8518255741693 350
36 310.2455643249995 360
37 310.6364273747623 370
38 311.0244352777601 380
39 311.4096084475767 390
40 311.7919671577932 400
41 312.1715315427743 410
42 312.5483215984936 420
43 312.9223571833812 430
44 313.2936580191808 440
45 313.6622436918159 450
46 314.0281336522502 460
47 314.3913472173514 470
48 314.7519035707515 480
49 315.1098217637008 490
50 315.4651207159195 500
51 315.8178192164451 510
52 316.1679359244756 520
53 316.5154893702056 530
54 316.8604979556602 540
55 317.2029799555234 550
56 317.5429535179612 560
57 317.8804366654406 570
58 318.2154472955432 580
59 318.5480031817754 590
60 318.8781219743727 600
61 319.2058212010995 610
62 319.531118268045 620
63 319.8540304604143 630
64 320.174574943314 640
65 320.4927687625343 650
66 320.8086288453259 660
67 321.1221720011735 670
68 321.4334149225631 680
69 321.7423741857464 690
70 322.0490662514995 700
71 322.3535074658788 710
72 322.6557140609701 720
73 322.9557021556357 730
74 323.2534877562563 740
75 323.5490867574673 750
76 323.842514942894 760
77 324.1337879858783 770
78 324.4229214502044 780
79 324.709930790819 790
80 324.9948313545464 800
81 325.2776383808027 810
82 325.5583670023008 820
83 325.8370322457556 830
84 326.113649032583 840
85 326.3882321795959 850
86 326.6607963996938 860
87 326.9313563025505 870
88 327.199926395298 880
89 327.4665210832049 890
90 327.731154670351 900
91 327.9938413602986 910
92 328.2545952567595 920
93 328.5134303642578 930
94 328.7703605887895 940
95 329.0253997384774 950
96 329.2785615242211 960
97 329.5298595603463 970
98 329.7793073652463 980
99 330.0269183620238 990
100 330.2727058791251 1000
101 330.5166831509721 1010
102 330.7588633185915 1020
103 330.9992594302379 1030
104 331.2378844420156 1040
105 331.4747512184948 1050
106 331.7098725333251 1060
107 331.9432610698445 1070
108 332.1749294216857 1080
109 332.4048900933781 1090
110 332.6331555009464 1100
111 332.8597379725051 1110
112 333.0846497488504 1120
113 333.3079029840468 1130
114 333.5295097460119 1140
115 333.749482017097 1150
116 333.9678316946637 1160
117 334.1845705916573 1170
118 334.3997104371775 1180
119 334.6132628770437 1190
120 334.8252394743587 1200
121 335.0356517100685 1210
122 335.2445109835176 1220
123 335.451828613002 1230
124 335.6576158363186 1240
125 335.8618838113113 1250
126 336.0646436164132 1260
127 336.2659062511863 1270
128 336.4656826368557 1280
129 336.6639836168443 1290
130 336.8608199573008 1300
131 337.0562023476261 1310
132 337.2501414009955 1320
133 337.4426476548788 1330
134 337.6337315715563 1340
135 337.8234035386309 1350
136 338.0116738695384 1360
137 338.1985528040548 1370
138 338.3840505087992 1380
139 338.5681770777348 1390
140 338.7509425326647 1400
141 338.9323568237261 1410
142 339.1124298298831 1420
143 339.2911713594127 1430
144 339.4685911503895 1440
145 339.6446988711691 1450
146 339.8195041208647 1460
147 339.9930164298244 1470
148 340.1652452601029 1480
149 340.3362000059317 1490
150 340.5058899941859 1500
151 340.6743244848478 1510
152 340.841512671467 1520
153 341.0074636816201 1530
154 341.1721865773629 1540
155 341.335690355685 1550
156 341.4979839489583 1560
157 341.6590762253827 1570
158 341.81897598943 1580
159 341.9776919822846 1590
160 342.1352328822807 1600
161 342.2916073053389 1610
162 342.4468238053971 1620
163 342.60089087484 1630
164 342.7538169449262 1640
165 342.905610386212 1650
166 343.0562795089731 1660
167 343.2058325636228 1670
168 343.3542777411271 1680
169 343.5016231734195 1690
170 343.6478769338097 1700
171 343.7930470373926 1710
172 343.937141441453 1720
173 344.080168045868 1730
174 344.2221346935082 1740
175 344.3630491706332 1750
176 344.5029192072877 1760
177 344.6417524776931 1770
178 344.7795566006374 1780
179 344.916339139862 1790
180 345.0521076044469 1800
181 345.1868694491923 1810
182 345.3206320749986 1820
183 345.4534028292423 1830
184 345.5851890061525 1840
185 345.7159978471815 1850
186 345.8458365413757 1860
187 345.9747122257425 1870
188 346.1026319856148 1880
189 346.2296028550138 1890
190 346.3556318170088 1900
191 346.4807258040755 1910
192 346.6048916984515 1920
193 346.7281363324891 1930
194 346.8504664890054 1940
195 346.9718889016317 1950
196 347.0924102551592 1960
197 347.2120371858821 1970
198 347.330776281941 1980
199 347.4486340836598 1990
200 347.5656170838844 2000
201 347.6817317283168 2010
202 347.796984415848 2020
203 347.911381498888 2030
204 348.0249292836942 2040
205 348.1376340306972 2050
206 348.2495019548243 2060
207 348.3605392258218 2070
208 348.4707519685742 2080
209 348.5801462634214 2090
210 348.6887281464742 2100
211 348.7965036099269 2110
212 348.9034786023686 2120
213 349.0096590290921 2130
214 349.1150507524007 2140
215 349.2196595919133 2150
216 349.3234913248669 2160
217 349.4265516864175 2170
218 349.5288463699384 2180
219 349.6303810273172 2190
220 349.7311612692503 2200
221 349.8311926655358 2210
222 349.9304807453638 2220
223 350.0290309976056 2230
224 350.1268488711008 2240
225 350.223939774941 2250
226 350.3203090787537 2260
227 350.4159621129834 2270
228 350.5109041691692 2280
229 350.6051405002246 2290
230 350.6986763207103 2300
231 350.7915168071096 2310
232 350.8836670980988 2320
233 350.9751322948175 2330
234 351.0659174611365 2340
235 351.1560276239231 2350
236 351.2454677733064 2360
237 351.3342428629396 2370
238 351.4223578102607 2380
239 351.5098174967514 2390
240 351.5966267681937 2400
241 351.6827904349258 2410
242 351.7683132720956 2420
243 351.8532000199124 2430
244 351.9374553838985 2440
245 352.0210840351353 2450
246 352.1040906105118 2460
247 352.1864797129688 2470
248 352.268255911743 2480
249 352.3494237426076 2490
250 352.4299877081138 2500
251 352.5099522778285 2510
252 352.5893218885712 2520
253 352.6681009446485 2530
254 352.7462938180882 2540
255 352.8239048488708 2550
256 352.9009383451609 2560
257 352.9773985835346 2570
258 353.0532898092065 2580
259 353.1286162362568 2590
260 353.203382047854 2600
261 353.2775913964778 2610
262 353.3512484041403 2620
263 353.4243571626049 2630
264 353.4969217336036 2640
265 353.5689461490551 2650
266 353.6404344112782 2660
267 353.7113904932052 2670
268 353.7818183385946 2680
269 353.8517218622407 2690
270 353.9211049501826 2700
271 353.9899714599123 2710
272 354.0583252205806 2720
273 354.1261700332016 2730
274 354.1935096708558 2740
275 354.2603478788909 2750
276 354.3266883751244 2760
277 354.3925348500404 2770
278 354.4578909669884 2780
279 354.5227603623791 2790
280 354.5871466458794 2800
281 354.6510534006061 2810
282 354.7144841833165 2820
283 354.7774425246011 2830
284 354.839931929072 2840
285 354.9019558755516 2850
286 354.9635178172584 2860
287 355.0246211819935 2870
288 355.0852693723239 2880
289 355.1454657657664 2890
290 355.2052137149684 2900
291 355.2645165478882 2910
292 355.3233775679745 2920
293 355.381800054344 2930
294 355.4397872619576 2940
295 355.4973424217963 2950
296 355.5544687410351 2960
297 355.6111694032153 2970
298 355.6674475684168 2980
299 355.7233063734288 2990
300 355.7787489319175 3000
301 355.8337783345951 3010
302 355.8883976493873 3020
303 355.942609921598 3030
304 355.9964181740737 3040
305 356.0498254073673 3050
306 356.1028345999005 3060
307 356.155448708124 3070
308 356.2076706666776 3080
309 356.2595033885503 3090
310 356.3109497652349 3100
311 356.3620126668878 3110
312 356.4126949424826 3120
313 356.4629994199648 3130
314 356.5129289064045 3140
315 356.5624861881498 3150
316 356.6116740309761 3160
317 356.6604951802377 3170
318 356.7089523610152 3180
319 356.7570482782652 3190
320 356.804785616965 3200
321 356.8521670422598 3210
322 356.8991951996069 3220
323 356.9458727149189 3230
324 356.9922021947071 3240
325 357.038186226223 3250
326 357.0838273775988 3260
327 357.1291281979869 3270
328 357.1740912176994 3280
329 357.2187189483436 3290
330 357.2630138829609 3300
331 357.3069784961614 3310
332 357.3506152442589 3320
333 357.3939265654047 3330
334 357.4369148797203 3340
335 357.4795825894293 3350
336 357.521932078988 3360
337 357.5639657152158 3370
338 357.6056858474236 3380
339 357.6470948075432 3390
340 357.6881949102534 3400
341 357.7289884531057 3410
342 357.7694777166515 3420
343 357.8096649645649 3430
344 357.8495524437673 3440
345 357.88914238455 3450
346 357.9284370006959 3460
347 357.9674384895998 3470
348 358.0061490323897 3480
349 358.0445707940445 3490
350 358.0827059235142 3500
351 358.1205565538359 3510
352 358.1581248022516 3520
