"report-def-0-rfile"
"Time Step" "report-def-0 etc.."
("Time Step" "report-def-0" "flow-time")
0 0 0
1 0.05731687537952013 0.01
2 0.1250493033160072 0.02
3 0.1816593649717222 0.03
4 0.2289078955364059 0.04
5 0.2698831700048514 0.05
6 0.3067689907255048 0.06
7 0.3409953546500073 0.07000000000000001
8 0.372749489610493 0.08
9 0.402840142259023 0.09
10 0.4318512202512513 0.1
11 0.4601280579310141 0.11
12 0.4878920474350866 0.12
13 0.5152984576265951 0.13
14 0.5424519462550355 0.14
15 0.5694052551052831 0.15
16 0.5962022873556517 0.16
17 0.6228803091137706 0.17
18 0.6494665235712143 0.18
19 0.675974091754449 0.19
20 0.7023743886993389 0.2
21 0.7287209102013401 0.21
22 0.7551107261784338 0.22
23 0.7816182825859748 0.23
24 0.8082804043974281 0.24
25 0.835095644193516 0.25
26 0.8620306065415475 0.26
27 0.8890349005686675 0.27
28 0.9160549841204841 0.28
29 0.9430479716674689 0.29
30 0.9699873138888784 0.3
31 0.9968641802117146 0.31
32 1.023680918589918 0.32
33 1.050447722694182 0.33
34 1.077178024341551 0.34
35 1.103885384939581 0.35
36 1.130582035677657 0.36
37 1.157278590210134 0.37
38 1.18398224169425 0.38
39 1.210699471539221 0.39
40 1.237434372704833 0.4
41 1.264189823645062 0.41
42 1.290967236519169 0.42
43 1.317766673456299 0.43
44 1.344588182925557 0.44
45 1.371431143926091 0.45
46 1.398294876752219 0.46
47 1.425177616132395 0.47
48 1.452078502707253 0.48
49 1.478996269466128 0.49
50 1.505929081444299 0.5
51 1.5328756961684 0.51
52 1.559835077186647 0.52
53 1.586805044685752 0.53
54 1.61378479071594 0.54
55 1.640773413502763 0.55
56 1.667770564168639 0.5600000000000001
57 1.694774289039111 0.5700000000000001
58 1.721784068424351 0.58
59 1.74879970520154 0.59
60 1.775820374034728 0.6
61 1.802845487164418 0.61
62 1.829875226993277 0.62
63 1.856908570135755 0.63
64 1.883945679084876 0.64
65 1.910985756686829 0.65
66 1.938029009765587 0.66
67 1.965074754985777 0.67
68 1.992122940936177 0.68
69 2.019173457646846 0.6900000000000001
70 2.046226189564113 0.7000000000000001
71 2.07328203332603 0.71
72 2.100340062811265 0.72
73 2.12740021958734 0.73
74 2.154461873591919 0.74
75 2.181525711907732 0.75
76 2.208591329164924 0.76
77 2.235659304008693 0.77
78 2.262728145327094 0.78
79 2.289798688547479 0.79
80 2.316870347244205 0.8
81 2.343942966796131 0.8100000000000001
82 2.371017093808753 0.8200000000000001
83 2.398092207908911 0.8300000000000001
84 2.425168550114567 0.84
85 2.452247103336425 0.85
86 2.479326948873278 0.86
87 2.506407555636284 0.87
88 2.533489303249314 0.88
89 2.560571651985247 0.89
90 2.587655151439192 0.9
91 2.614739735153212 0.91
92 2.641825168109442 0.92
93 2.668911338899089 0.93
94 2.695999292204625 0.9400000000000001
95 2.723087890972349 0.9500000000000001
96 2.750177481517377 0.96
97 2.777267302957478 0.97
98 2.804357943450195 0.98
99 2.831449101312037 0.99
100 2.85854087390673 1
101 2.88563329912203 1.01
102 2.912725969635576 1.02
103 2.939819160392853 1.03
104 2.966913544611561 1.04
105 2.99400872142712 1.05
106 3.021104982287553 1.06
107 3.048201184130289 1.07
108 3.07529818603762 1.08
109 3.102395969989786 1.09
110 3.129494608034177 1.1
111 3.156593399098362 1.11
112 3.183692563301982 1.12
113 3.210791603312674 1.13
114 3.237890932056867 1.14
115 3.264991620080189 1.15
116 3.292091229659304 1.16
117 3.319192856522988 1.17
118 3.346294320456916 1.18
119 3.373395908835549 1.19
120 3.400497202930977 1.2
121 3.427599558416912 1.21
122 3.45470257599599 1.22
123 3.481805959912468 1.23
124 3.508909548861448 1.24
125 3.536013376014539 1.25
126 3.563117158731752 1.26
127 3.590221148005661 1.27
128 3.617326070640855 1.28
129 3.644431462905267 1.29
130 3.671536639037195 1.3
131 3.6986422404832 1.31
132 3.725747911556422 1.32
133 3.752853612176812 1.33
134 3.779959657790779 1.34
135 3.807066118597334 1.35
136 3.834172568196361 1.36
137 3.861278754027281 1.37
138 3.888385768828181 1.38
139 3.915492526525885 1.39
140 3.942599675612094 1.4
141 3.969706776293486 1.41
142 3.996814061906235 1.42
143 4.023921337131541 1.43
144 4.051029143221671 1.44
145 4.078136823496369 1.45
146 4.105244792202453 1.46
147 4.132352776776448 1.47
148 4.159461419393573 1.48
149 4.186570145597993 1.49
150 4.213678972301024 1.5
151 4.240787884064202 1.51
152 4.267896604954554 1.52
153 4.295005504777111 1.53
154 4.322115528460595 1.54
155 4.349225211369432 1.55
156 4.376335112944926 1.56
157 4.403444886602736 1.57
158 4.43055476817978 1.58
159 4.457664893790295 1.59
160 4.484775143040429 1.6
161 4.511885472409249 1.61
162 4.538995869503664 1.62
163 4.566106371989494 1.63
164 4.593216682116606 1.64
165 4.620327279512392 1.65
166 4.647438206301163 1.66
167 4.674549002463874 1.67
168 4.701660116912898 1.68
169 4.728771424003595 1.69
170 4.755882598265188 1.7
171 4.782993907588157 1.71
172 4.810105046116828 1.72
173 4.83721629788864 1.73
174 4.864327859712863 1.74
175 4.891439091282776 1.75
176 4.91855062643279 1.76
177 4.945662045433526 1.77
178 4.97277409994053 1.78
179 4.999886011143709 1.79
180 5.026997797509933 1.8
181 5.054109932085925 1.81
182 5.081221881097016 1.82
183 5.108334382323006 1.83
184 5.135446832242804 1.84
185 5.162559226534126 1.85
186 5.189671773184079 1.86
187 5.216784206353041 1.87
188 5.243896728521402 1.88
189 5.271009214345096 1.89
190 5.29812204466348 1.9
191 5.325234625739553 1.91
192 5.352347281551302 1.92
193 5.379460331591429 1.93
194 5.406573183544159 1.94
195 5.433686000039343 1.95
196 5.46079926643435 1.96
197 5.487912543089045 1.97
198 5.515025793220342 1.98
199 5.542138883120892 1.99
200 5.569252003290002 2
201 5.596365430154307 2.01
202 5.623479047458718 2.02
203 5.650592648823146 2.03
204 5.677706472843065 2.04
205 5.704820368471745 2.05
206 5.73193419696978 2.06
207 5.759048165170621 2.07
208 5.786162137749976 2.08
209 5.813276061993324 2.09
210 5.8403899884262 2.1
211 5.867503980920713 2.11
212 5.894618027273463 2.12
213 5.921731989087093 2.13
214 5.948846112094031 2.14
215 5.975960219415974 2.15
216 6.003074388435564 2.16
217 6.030188613232043 2.17
218 6.057302735270158 2.18
219 6.084416814805516 2.19
220 6.111531256204506 2.2
221 6.138645777003931 2.21
222 6.165760241697013 2.22
223 6.1928748459919 2.23
224 6.21998951871224 2.24
225 6.247104202269456 2.25
226 6.274218425130984 2.26
227 6.301333009484837 2.27
228 6.328447749251787 2.28
229 6.35556243066199 2.29
230 6.382677001949 2.3
231 6.40979141851136 2.31
232 6.436906083113856 2.32
233 6.464020792207769 2.33
234 6.491135646669821 2.34
235 6.518250373042559 2.35
236 6.545365182783762 2.36
237 6.572479967898424 2.37
238 6.599594690472344 2.38
239 6.626709484124561 2.39
240 6.653824473595908 2.4
241 6.680939365114172 2.41
242 6.708054423306058 2.42
243 6.735169551090358 2.43
244 6.762284599458319 2.44
245 6.789399682030165 2.45
246 6.816514622737955 2.46
247 6.843630131007709 2.47
248 6.870745565863363 2.48
249 6.897861066575793 2.49
250 6.92497660260022 2.5
251 6.952092066720265 2.51
252 6.979207581458809 2.52
253 7.006323197333617 2.53
254 7.033438729601508 2.54
255 7.060554407068738 2.55
256 7.087670024391425 2.56
257 7.114785555301721 2.57
258 7.14190101023313 2.58
259 7.16901637219854 2.59
260 7.196131950015727 2.6
261 7.22324745811292 2.61
262 7.250363041597632 2.62
263 7.27747864403211 2.63
264 7.304594235223668 2.64
265 7.331709717338452 2.65
266 7.358825210403483 2.66
267 7.385940535038534 2.67
268 7.413056306453411 2.68
269 7.440172057615383 2.69
270 7.467287762535411 2.7
271 7.494403519505681 2.71
272 7.521519372171978 2.72
273 7.548634983419591 2.73
274 7.575750734891462 2.74
275 7.602866699395364 2.75
276 7.62998270919177 2.76
277 7.657098734153708 2.77
278 7.684214803089221 2.78
279 7.711330900562313 2.79
280 7.738447050345123 2.8
281 7.765562854776663 2.81
282 7.792678826325503 2.82
283 7.819795008263701 2.83
284 7.84691122182503 2.84
285 7.874027340409455 2.85
286 7.90114376503587 2.86
287 7.928259940324807 2.87
288 7.955375828279391 2.88
289 7.98249204813705 2.89
290 8.009608433441178 2.9
291 8.036724863023444 2.91
292 8.06384113035579 2.92
293 8.090957473865341 2.93
294 8.118074145547316 2.94
295 8.145190876651416 2.95
296 8.172307161173707 2.96
297 8.199423778827732 2.97
298 8.226540290306044 2.98
299 8.253656530554446 2.99
300 8.280772905263424 3
301 8.307889270985797 3.01
302 8.335005615720663 3.02
303 8.362121970147641 3.03
304 8.389238457677832 3.04
305 8.416354845869495 3.05
306 8.443471393419886 3.06
307 8.470587975756311 3.07
308 8.49770455565611 3.08
309 8.524820992224043 3.09
310 8.551937573949498 3.1
311 8.579053949279389 3.11
312 8.606170423357732 3.12
313 8.633286971649149 3.13
314 8.660403544994182 3.14
315 8.687520099349605 3.15
316 8.714636810045345 3.16
317 8.741753416086953 3.17
318 8.768870069139727 3.18
319 8.795986604026472 3.19
320 8.823103233084531 3.2
321 8.85021978852054 3.21
322 8.877336285570156 3.22
323 8.904452777725117 3.23
324 8.931569320386881 3.24
325 8.958685951841291 3.25
326 8.985802632736727 3.26
327 9.012919305660908 3.27
328 9.040036059850463 3.28
329 9.06715270926667 3.29
330 9.09426935751635 3.3
331 9.121385957132627 3.31
332 9.148502217486488 3.32
333 9.175618973872709 3.33
334 9.202735834894646 3.34
335 9.22985209872844 3.35
336 9.25696840159514 3.36
337 9.284085025518042 3.37
338 9.311201704278474 3.38
339 9.338318392711177 3.39
340 9.365434954156903 3.4
341 9.392551538347382 3.41
342 9.419668233962136 3.42
343 9.446784868416454 3.43
344 9.473901352036219 3.44
345 9.501018296501412 3.45
346 9.528135131846863 3.46
347 9.555251813609283 3.47
348 9.58236867600205 3.48
349 9.609485222680771 3.49
350 9.636602007908046 3.5
351 9.663718696794136 3.51
352 9.690835316029737 3.52
353 9.717951794309524 3.53
354 9.745068543910781 3.54
355 9.772185310168476 3.55
356 9.799302021657898 3.56
357 9.826418707994202 3.57
358 9.853535309208755 3.58
359 9.880651817609131 3.59
360 9.907768638045855 3.6
361 9.934884995794846 3.61
362 9.962001422498947 3.62
363 9.98911798262861 3.63
364 10.01623414560602 3.64
365 10.0433506872307 3.65
366 10.07046719086236 3.66
367 10.09758374819827 3.67
368 10.12469985140632 3.68
369 10.15181648107166 3.69
370 10.17893340280654 3.7
371 10.2060501538063 3.71
372 10.2331669511697 3.72
373 10.26028343454771 3.73
374 10.28740010075647 3.74
375 10.31451716642521 3.75
376 10.34163440462138 3.76
377 10.36875115306107 3.77
378 10.3958685775279 3.78
379 10.42298530092167 3.79
380 10.45010504782579 3.8
381 10.4772216398587 3.81
382 10.50433713207025 3.82
383 10.53145284980898 3.83
384 10.55856832608753 3.84
385 10.58568349967162 3.85
386 10.61279861241169 3.86
387 10.6399140509347 3.87
388 10.66702926498647 3.88
389 10.6941444049346 3.89
390 10.72125972236102 3.9
391 10.74837502370064 3.91
392 10.77549020487313 3.92
393 10.80260577317916 3.93
394 10.82972122435458 3.94
395 10.85683664674234 3.95
396 10.88395202079215 3.96
397 10.91106733700962 3.97
398 10.93818267129756 3.98
399 10.96529803807007 3.99
400 10.9924132119351 4
401 11.01952846935872 4.01
402 11.04664361627364 4.02
403 11.07375899533774 4.03
404 11.10087426982746 4.04
405 11.12798963278268 4.05
406 11.15510515909554 4.06
407 11.18222082476492 4.07
408 11.20933635214742 4.08
409 11.23645178753035 4.09
410 11.26356715526685 4.1
411 11.29068270279186 4.11
412 11.31779810348409 4.12
413 11.34491354249569 4.13
414 11.37202890447034 4.14
415 11.39914432372667 4.15
416 11.42625980911232 4.16
417 11.45337525439633 4.17
418 11.48049077748092 4.18
419 11.50760635996273 4.19
420 11.53472201336313 4.2
421 11.56183749887745 4.21
422 11.58895304077909 4.22
423 11.6160687029986 4.23
424 11.64318419303144 4.24
425 11.67029969564231 4.25
426 11.69741541224179 4.26
427 11.72453142821787 4.27
428 11.75164719296393 4.28
429 11.77876288743475 4.29
430 11.8058784035895 4.3
431 11.83299386155015 4.31
432 11.86010924764584 4.32
433 11.88722413613822 4.33
434 11.91433905144891 4.34
435 11.9414537147132 4.350000000000001
436 11.96856870011138 4.36
437 11.99568415255825 4.37
438 12.02279972224314 4.38
439 12.04991527677877 4.39
440 12.07703071130334 4.4
441 12.10414623513348 4.41
442 12.13126176059687 4.42
443 12.15837735314675 4.43
444 12.1854929038144 4.44
445 12.21260844605374 4.45
446 12.23972396983358 4.46
447 12.26683933987705 4.47
448 12.29395481813657 4.48
449 12.32107056790242 4.49
450 12.34818622970767 4.5
451 12.37530196307564 4.51
452 12.40241742677244 4.52
453 12.42953261305762 4.53
454 12.45664793048837 4.54
455 12.48376332859154 4.55
456 12.51087870835393 4.56
457 12.53799420545376 4.57
458 12.56510961981427 4.58
459 12.5922249395506 4.59
460 12.61934036414898 4.600000000000001
461 12.64645567461342 4.61
462 12.67357101174849 4.62
463 12.70068628243935 4.63
464 12.72780138045976 4.64
465 12.75491665743822 4.65
466 12.78203203650441 4.66
467 12.80914746089014 4.67
468 12.83626276944197 4.68
469 12.86337803451454 4.69
470 12.8904933042715 4.7
471 12.91760844493733 4.71
472 12.94472376194895 4.72
473 12.97183883206879 4.73
474 12.99895397438352 4.74
475 13.02606919033471 4.75
476 13.05318449006518 4.76
477 13.08029971250557 4.77
478 13.10741499112697 4.78
479 13.13453024194202 4.79
480 13.16164556546127 4.8
481 13.18876090809198 4.81
482 13.21587617759251 4.82
483 13.24299152360265 4.83
484 13.27010698409409 4.84
485 13.29722243008281 4.850000000000001
486 13.32433771577792 4.86
487 13.35145296651102 4.87
488 13.37856834534053 4.88
489 13.40568358414355 4.89
490 13.43279878451521 4.9
491 13.45991393855488 4.91
492 13.48702916772228 4.92
493 13.51414439947945 4.93
494 13.54125960552241 4.94
495 13.56837471342248 4.95
496 13.59548977328867 4.96
497 13.62260481120731 4.97
498 13.64971989990374 4.98
499 13.67683499504229 4.99
500 13.70395014307094 5
501 13.73106515049855 5.01
502 13.75818011176854 5.02
503 13.7852950817683 5.03
504 13.81241002910419 5.04
505 13.83952499173411 5.05
506 13.86663997688813 5.06
507 13.89375497283778 5.07
508 13.92086991335088 5.08
509 13.94798486116934 5.09
510 13.97509981518017 5.100000000000001
511 14.00221480143962 5.11
512 14.0293297664537 5.12
513 14.05644464320265 5.13
514 14.08355946536964 5.14
515 14.1106744908274 5.15
516 14.13778940649806 5.16
517 14.16490431291787 5.17
518 14.19201941009289 5.18
519 14.21913429519017 5.19
520 14.24624940367351 5.2
521 14.27336435367175 5.21
522 14.30047942960739 5.22
523 14.32759460537833 5.23
524 14.35470925381295 5.24
525 14.38182470581104 5.25
526 14.4089401475496 5.26
527 14.43605531071413 5.27
528 14.46317074996293 5.28
529 14.49028623335626 5.29
530 14.51740163401108 5.3
531 14.54451698459323 5.31
532 14.57163227845949 5.32
533 14.59874784247074 5.33
534 14.62586315647731 5.34
535 14.65297839112595 5.350000000000001
536 14.68009359540867 5.36
537 14.70720876214563 5.37
538 14.73432398137321 5.38
539 14.76143930999478 5.39
540 14.78855467634407 5.4
541 14.81566970931829 5.41
542 14.84278476648066 5.42
543 14.86989980918592 5.43
544 14.8970147703436 5.44
545 14.92412993117344 5.45
546 14.9512452561301 5.46
547 14.97836037698734 5.47
548 15.00547537144159 5.48
549 15.03259021539026 5.49
550 15.0597050741411 5.5
551 15.08682007632459 5.51
552 15.1139351010389 5.52
553 15.14105022589068 5.53
554 15.16816522018171 5.54
555 15.19527998342986 5.55
556 15.22239442710938 5.56
557 15.24950955908832 5.57
558 15.27662459774035 5.58
559 15.30373956976877 5.59
560 15.33085456148373 5.600000000000001
561 15.35796953064099 5.61
562 15.38508436162423 5.62
563 15.41219921740881 5.63
564 15.43931414103786 5.64
565 15.46642919768814 5.65
566 15.49354396363444 5.66
567 15.52065860432891 5.67
568 15.54777373948084 5.68
569 15.57488864960163 5.69
570 15.60200368187845 5.7
571 15.62911866207627 5.71
572 15.65623369917166 5.72
573 15.68334868522278 5.73
574 15.71046369866369 5.74
575 15.73757863739791 5.75
576 15.76469349468067 5.76
577 15.79180822724515 5.77
578 15.81892290562822 5.78
579 15.84603771493891 5.79
580 15.87315223005547 5.8
581 15.9002668427377 5.81
582 15.9273812030197 5.82
583 15.9544955133966 5.83
584 15.98161030819856 5.84
585 16.00872516363161 5.850000000000001
586 16.03583976784968 5.86
587 16.06295436569467 5.87
588 16.09006887306238 5.88
589 16.11718349259351 5.89
590 16.14429813458903 5.9
591 16.17141260308815 5.91
592 16.19852717326444 5.92
593 16.2256414984596 5.93
594 16.25275587965415 5.94
595 16.27987034409227 5.95
596 16.30698468858433 5.96
597 16.33409911350974 5.97
598 16.36121328141046 5.98
599 16.38832762915654 5.99
600 16.4154416089784 6
601 16.44255616516577 6.01
602 16.46967053249018 6.02
603 16.49678484328679 6.03
604 16.5238992849808 6.04
605 16.55101372315928 6.05
606 16.57812811596463 6.06
607 16.60524266435659 6.07
608 16.63235733443883 6.08
609 16.6594719672492 6.09
610 16.68658679453202 6.100000000000001
611 16.71370195145667 6.11
612 16.74081715454791 6.12
613 16.76793268168699 6.13
614 16.7950482265487 6.140000000000001
615 16.82216375130832 6.15
616 16.849279420552 6.16
617 16.87639512881869 6.17
618 16.90351097638165 6.18
619 16.93062710412478 6.19
620 16.95774439180491 6.2
621 16.98486054894003 6.21
622 17.01197728871296 6.22
623 17.03909544745994 6.23
624 17.06621019435307 6.24
625 17.09332440895457 6.25
626 17.12043932440624 6.26
627 17.14755368738663 6.27
628 17.17466857338972 6.28
629 17.20178371787281 6.29
630 17.22889893226571 6.3
631 17.25601476809312 6.31
632 17.28312939949773 6.32
633 17.31024368904436 6.33
634 17.3373585569408 6.34
635 17.36447212563105 6.350000000000001
636 17.39158565667877 6.36
637 17.41869922877331 6.37
638 17.44581233289278 6.38
639 17.4729255631264 6.390000000000001
640 17.50003862733797 6.4
641 17.52715170542329 6.41
642 17.55426452786764 6.42
643 17.58137720123125 6.43
644 17.60849003043952 6.44
645 17.6356028024904 6.45
646 17.66271594578352 6.46
647 17.68982910152739 6.47
648 17.71694203565004 6.48
649 17.74405491738721 6.49
650 17.77116771704934 6.5
651 17.79828040839453 6.51
652 17.82539330460806 6.52
653 17.85250603947048 6.53
654 17.87961889775806 6.54
655 17.90673189841728 6.55
656 17.9338449462342 6.56
657 17.96095905914288 6.57
658 17.9880730424803 6.58
659 18.01518653959275 6.59
660 18.0423004582115 6.600000000000001
661 18.06941428974841 6.61
662 18.09652794100108 6.62
663 18.12364161965132 6.63
664 18.15075526205279 6.640000000000001
665 18.177869340507 6.65
666 18.20498311432264 6.66
667 18.23209694132944 6.67
668 18.25921082530932 6.68
669 18.28632483214765 6.69
670 18.31343862603636 6.7
671 18.34055243411613 6.71
672 18.36766617357584 6.72
673 18.3947796859422 6.73
674 18.42189327936914 6.74
675 18.4490062296241 6.75
676 18.47611837320229 6.76
677 18.50323036544021 6.77
678 18.53034357925057 6.78
679 18.55745713435906 6.79
680 18.58457066714168 6.8
681 18.61168432163363 6.81
682 18.63879820021244 6.82
683 18.66591113296716 6.83
684 18.69302504678525 6.84
685 18.72013788761499 6.850000000000001
686 18.74725055906544 6.86
687 18.77436408896353 6.87
688 18.80147840510301 6.88
689 18.82859335742172 6.890000000000001
690 18.85570581921724 6.9
691 18.8828193356967 6.91
692 18.90993288000439 6.92
693 18.93704657739991 6.93
694 18.96416053468032 6.94
695 18.99127430648967 6.95
696 19.01838813686925 6.96
697 19.04550189029934 6.97
698 19.07261570827872 6.98
699 19.09972956724734 6.99
700 19.12684325563105 7
701 19.153957090942 7.01
702 19.18107089860436 7.02
703 19.20818482093629 7.03
704 19.23529888759052 7.04
705 19.26241271232307 7.05
706 19.28952637750088 7.06
707 19.31664013523345 7.07
708 19.34375390839387 7.08
709 19.37086762591439 7.09
710 19.39798162704993 7.100000000000001
711 19.42509562778834 7.11
712 19.45220898922074 7.12
713 19.4793226683394 7.13
714 19.50643664851204 7.140000000000001
715 19.5335504117231 7.15
716 19.56066419687463 7.16
717 19.58777775815115 7.17
718 19.61489155041755 7.18
719 19.64200527358014 7.19
720 19.66911896674599 7.2
721 19.69623224299409 7.21
722 19.72334585612525 7.22
723 19.75045914613841 7.23
724 19.77757212480711 7.24
725 19.80468522894196 7.25
726 19.83179860483786 7.26
727 19.85891193039368 7.27
728 19.88602562522585 7.28
729 19.91313926615015 7.29
730 19.94025254780078 7.3
731 19.96736594619577 7.31
732 19.99447942568642 7.32
733 20.0215928878992 7.33
734 20.0487061395562 7.34
735 20.0758194876236 7.350000000000001
736 20.10293269573663 7.36
737 20.13004587185605 7.37
738 20.15715901519186 7.38
739 20.18427215683868 7.390000000000001
740 20.21138535971296 7.4
741 20.23849838776941 7.41
742 20.26561171161638 7.42
743 20.29272506762175 7.43
744 20.31983852467543 7.44
745 20.34695187029767 7.45
746 20.37406510504794 7.46
747 20.40117838246069 7.47
748 20.42829146864706 7.48
749 20.45540456611756 7.49
750 20.48251750226017 7.5
751 20.50962999245273 7.51
752 20.53674236972444 7.52
753 20.56385501587879 7.53
754 20.59096767997426 7.54
755 20.61808073609518 7.55
756 20.64519393108084 7.56
757 20.67230719843521 7.57
758 20.69942034451002 7.58
759 20.72653341309255 7.59
760 20.75364665973165 7.600000000000001
761 20.78075985019682 7.61
762 20.8078727063114 7.62
763 20.83498614786657 7.63
764 20.86209963564286 7.640000000000001
765 20.88921290474682 7.65
766 20.91632604611271 7.66
767 20.94343900199482 7.67
768 20.97055156669064 7.68
769 20.99766381427325 7.69
770 21.02477604960214 7.7
771 21.0518878870225 7.71
772 21.0789994580612 7.72
773 21.10611080726815 7.73
774 21.13322178339489 7.74
775 21.16033266860765 7.75
776 21.18744310400382 7.76
777 21.2145531827977 7.77
778 21.24166269888035 7.78
779 21.26877204426612 7.79
780 21.29588085042729 7.8
781 21.32298968888146 7.81
782 21.35009871311906 7.82
783 21.37720981919685 7.83
784 21.40432053214442 7.84
785 21.43143170600003 7.850000000000001
786 21.45854329273013 7.86
787 21.48565507882201 7.87
788 21.51276682500366 7.88
789 21.53987821492955 7.890000000000001
790 21.56699026584493 7.9
791 21.59410213956968 7.91
792 21.62121525136683 7.92
793 21.64832714723002 7.930000000000001
794 21.67543943100893 7.94
795 21.70255225414475 7.95
796 21.72966523269201 7.96
797 21.75677818395673 7.97
798 21.7838908964321 7.98
799 21.81100308627853 7.99
800 21.83811541315362 8
801 21.86522707602688 8.01
802 21.89233830909072 8.02
803 21.91944911538785 8.029999999999999
804 21.94656068953354 8.040000000000001
805 21.97367319727198 8.050000000000001
806 22.00078468866365 8.06
807 22.02789709132226 8.07
808 22.05500914755032 8.08
809 22.08212016937882 8.09
810 22.10923079142008 8.1
811 22.13634078115531 8.109999999999999
812 22.16345112659378 8.120000000000001
813 22.19056053562479 8.130000000000001
814 22.21766997789878 8.140000000000001
815 22.24478291332196 8.15
816 22.27189725285832 8.16
817 22.29900996201897 8.17
818 22.32612811879768 8.18
819 22.35324551424775 8.19
820 22.38035838856165 8.199999999999999
821 22.40747041466342 8.210000000000001
822 22.43458223402416 8.220000000000001
823 22.46169406069984 8.23
824 22.48880566272924 8.24
825 22.51591730262381 8.25
826 22.54302889669817 8.26
827 22.57014110282537 8.27
828 22.59725350343602 8.279999999999999
829 22.6243648817708 8.290000000000001
830 22.65147634590448 8.300000000000001
831 22.67858840192925 8.31
832 22.70570020452549 8.32
833 22.73281157137571 8.33
834 22.75992487122774 8.34
835 22.78703774400627 8.35
836 22.81415017900387 8.359999999999999
837 22.84126206597152 8.370000000000001
838 22.86837355887394 8.380000000000001
839 22.89548435827234 8.390000000000001
840 22.9225956005189 8.4
841 22.94970703152497 8.41
842 22.97681856303674 8.42
843 23.00393002090315 8.43
844 23.03104164239093 8.44
845 23.05815440807316 8.449999999999999
846 23.08526667850839 8.460000000000001
847 23.11238038359936 8.470000000000001
848 23.13949256151449 8.48
849 23.16660507411972 8.49
850 23.19371710677531 8.5
851 23.22082723040404 8.51
852 23.24793865797878 8.52
853 23.27505023977612 8.529999999999999
854 23.30216158313303 8.540000000000001
855 23.32927251509486 8.550000000000001
856 23.35638256882568 8.56
857 23.38349242881781 8.57
858 23.41060134211908 8.58
859 23.43771147254455 8.59
860 23.46482183756272 8.6
861 23.49193291686827 8.609999999999999
862 23.51904415134684 8.620000000000001
863 23.54615543147103 8.630000000000001
864 23.57326669245374 8.640000000000001
865 23.60037793961407 8.65
866 23.62748964732518 8.66
867 23.65460135415784 8.67
868 23.68171170158846 8.68
869 23.7088225027907 8.69
870 23.73593338129056 8.700000000000001
871 23.76304513953196 8.710000000000001
872 23.79015678103652 8.720000000000001
873 23.81726871532765 8.73
874 23.84438066952176 8.74
875 23.87149262721675 8.75
876 23.89860494936516 8.76
877 23.92571722576635 8.77
878 23.95282936805043 8.779999999999999
879 23.97994156663889 8.790000000000001
880 24.00705381447212 8.800000000000001
881 24.03416617224816 8.81
882 24.06127858739036 8.82
883 24.08839002376499 8.83
884 24.11550203170743 8.84
885 24.14261258891368 8.85
886 24.16972429023494 8.859999999999999
887 24.19683548629687 8.870000000000001
888 24.22394772099857 8.880000000000001
889 24.25105980194296 8.890000000000001
890 24.27817196855428 8.9
891 24.30528427445116 8.91
892 24.3323964476008 8.92
893 24.35950872513815 8.93
894 24.38662093985354 8.94
895 24.41373343655153 8.950000000000001
896 24.44084610960055 8.960000000000001
897 24.46795861357315 8.970000000000001
898 24.49507116883598 8.98
899 24.52218353373021 8.99
900 24.5492959266893 9
901 24.57640780912882 9.01
902 24.60351935643227 9.02
903 24.63063116811828 9.029999999999999
904 24.65774327324414 9.040000000000001
905 24.68485548663099 9.050000000000001
906 24.71196772072317 9.06
907 24.73908027866229 9.07
908 24.76619271385811 9.08
909 24.79330513411603 9.09
910 24.82041771169301 9.1
911 24.84752993750568 9.109999999999999
912 24.87464226179188 9.120000000000001
913 24.90175461687237 9.130000000000001
914 24.92886681664098 9.140000000000001
915 24.95597898282949 9.15
916 24.98309090031697 9.16
917 25.01020242666527 9.17
918 25.03731374097072 9.18
919 25.06442482218656 9.19
920 25.09153597151773 9.200000000000001
921 25.11864685788236 9.210000000000001
922 25.14575778243891 9.220000000000001
923 25.17286850449174 9.23
924 25.19997925876154 9.24
925 25.22709005997375 9.25
926 25.25420109125286 9.26
927 25.28131199228931 9.27
928 25.30842296533757 9.279999999999999
929 25.335533958653 9.290000000000001
930 25.36264569430668 9.300000000000001
931 25.38975674188529 9.31
932 25.41686839617864 9.32
933 25.44398009981125 9.33
934 25.47109177536755 9.34
935 25.49820352806559 9.35
936 25.52531568650818 9.359999999999999
937 25.55242797749973 9.370000000000001
938 25.57953983286906 9.380000000000001
939 25.60665203248905 9.390000000000001
940 25.63376406677089 9.4
941 25.66087658326684 9.41
942 25.68798928147513 9.42
943 25.7151008566537 9.43
944 25.74221299450226 9.44
945 25.7693254307562 9.450000000000001
946 25.79643759175775 9.460000000000001
947 25.8235496071017 9.470000000000001
948 25.85066140660476 9.48
949 25.87777301814869 9.49
950 25.90488450274398 9.5
951 25.93199591466041 9.51
952 25.95910724568054 9.52
953 25.98621892754948 9.529999999999999
954 26.01333031652348 9.540000000000001
955 26.04044190170285 9.550000000000001
956 26.06755364909769 9.56
957 26.09466540893978 9.57
958 26.12177731519051 9.58
959 26.14889010970242 9.59
960 26.17600365985674 9.6
961 26.20311594544334 9.609999999999999
962 26.230226639475 9.620000000000001
963 26.25733667700463 9.630000000000001
964 26.28444683802424 9.640000000000001
965 26.31155755035949 9.65
966 26.33866820133056 9.66
967 26.36577886836697 9.67
968 26.39289034903466 9.68
969 26.42000170923674 9.69
970 26.44711244121168 9.700000000000001
971 26.47422291503979 9.710000000000001
972 26.50133534646568 9.720000000000001
973 26.52844871294731 9.73
974 26.55556119148683 9.74
975 26.5826736116804 9.75
976 26.60978525366833 9.76
977 26.6368984775721 9.77
978 26.66401071656266 9.779999999999999
979 26.69112307546526 9.790000000000001
980 26.71823449050052 9.800000000000001
981 26.74534555552883 9.81
982 26.77245647133664 9.82
983 26.79956723431864 9.83
984 26.8266783993579 9.84
985 26.85378757168741 9.85
986 26.88089641186768 9.859999999999999
987 26.90800638666184 9.870000000000001
988 26.93511745811333 9.880000000000001
989 26.96222814152847 9.890000000000001
990 26.9893389771153 9.9
991 27.0164498459231 9.91
992 27.04356160424767 9.92
993 27.07067358788545 9.93
994 27.09778566550705 9.94
995 27.12489762974332 9.950000000000001
996 27.15200937613264 9.960000000000001
997 27.17912113071544 9.970000000000001
998 27.20623250795813 9.98
999 27.23334368671975 9.99
1000 27.26045441527972 10
1001 27.28756498308155 10.01
1002 27.31467535317729 10.02
1003 27.34178603198486 10.03
1004 27.3688974005267 10.04
1005 27.39600890484638 10.05
1006 27.42312019206329 10.06
1007 27.4502315474647 10.07
1008 27.47734294090921 10.08
1009 27.50445350088227 10.09
1010 27.53156390025742 10.1
1011 27.55867456730216 10.11
1012 27.58578548205359 10.12
1013 27.61289692105054 10.13
1014 27.64000938477912 10.14
1015 27.66712094723682 10.15
1016 27.69423359556077 10.16
1017 27.72134554502151 10.17
1018 27.7484563307933 10.18
1019 27.77556672505895 10.19
1020 27.80266032202604 10.2
1021 27.8297722343207 10.21
1022 27.85688376769424 10.22
1023 27.88399530421231 10.23
1024 27.91110742033744 10.24
1025 27.93821930273564 10.25
1026 27.96533123455345 10.26
1027 27.99244289137362 10.27
1028 28.01955449680569 10.28
1029 28.04666598101245 10.29
1030 28.07377736308816 10.3
1031 28.10088856028741 10.31
1032 28.12800004350351 10.32
1033 28.15510912322812 10.33
1034 28.18222037278667 10.34
1035 28.20933154400054 10.35
1036 28.23644270718952 10.36
1037 28.26355402526581 10.37
1038 28.29066550608017 10.38
1039 28.31777699235109 10.39
1040 28.34488776276368 10.4
1041 28.37199840726836 10.41
1042 28.39910914327789 10.42
1043 28.42622049664274 10.43
1044 28.45333176030205 10.44
1045 28.48044352441311 10.45
1046 28.50755494766125 10.46
1047 28.53466597981301 10.47
1048 28.56177702629348 10.48
1049 28.5888884959682 10.49
1050 28.61599999886722 10.5
1051 28.64311146750735 10.51
1052 28.67022308796161 10.52
1053 28.69733504876557 10.53
1054 28.72444710305372 10.54
1055 28.75155915060281 10.55
1056 28.77867125292595 10.56
1057 28.80578306734608 10.57
1058 28.83289488578725 10.58
1059 28.86000654017614 10.59
1060 28.88711865043664 10.6
1061 28.91423095150719 10.61
1062 28.94134372657654 10.62
1063 28.96845652761899 10.63
1064 28.99556917049708 10.64
1065 29.02268102306475 10.65
1066 29.04979386381148 10.66
1067 29.07690670622139 10.67
1068 29.10401982129865 10.68
1069 29.1311321906601 10.69
1070 29.1582441886291 10.7
1071 29.18535528907811 10.71
1072 29.21246646479027 10.72
1073 29.23957722637414 10.73
1074 29.26668807823661 10.74
1075 29.29379904597954 10.75
1076 29.3209101632916 10.76
1077 29.34802129283364 10.77
1078 29.3751322883781 10.78
1079 29.40224339878867 10.79
1080 29.42935451247489 10.8
1081 29.45646581068353 10.81
1082 29.48357696465118 10.82
1083 29.51068811971502 10.83
1084 29.5377991855399 10.84
1085 29.56491028987729 10.85
1086 29.59202123133484 10.86
1087 29.6191318877894 10.87
1088 29.646242282137 10.88
1089 29.67335248833188 10.89
1090 29.70046309167394 10.9
1091 29.72757382771159 10.91
1092 29.75468399909232 10.92
1093 29.78179423660917 10.93
1094 29.80890442969989 10.94
1095 29.83601466484077 10.95
1096 29.863124770685 10.96
1097 29.89023457489256 10.97
1098 29.91734444441152 10.98
1099 29.94445450845679 10.99
1100 29.97156517257869 11
1101 29.99867567846181 11.01
1102 30.02578623826325 11.02
1103 30.05289650452978 11.03
1104 30.08000760950923 11.04
1105 30.10711871195334 11.05
1106 30.13423045610439 11.06
1107 30.16134072513659 11.07
1108 30.18845141738091 11.08
1109 30.21556157860366 11.09
1110 30.24267279328151 11.1
1111 30.26978642453179 11.11
1112 30.29689856769615 11.12
1113 30.32400818282841 11.13
1114 30.35111891408314 11.14
1115 30.37822958850258 11.15
1116 30.40533975181472 11.16
1117 30.43245005349176 11.17
1118 30.45956042752787 11.18
1119 30.48667040344577 11.19
1120 30.51378065274641 11.2
1121 30.54089134277102 11.21
1122 30.5680018501366 11.22
1123 30.59511222381947 11.23
1124 30.62222235081505 11.24
1125 30.64933251514354 11.25
1126 30.67644269952424 11.26
1127 30.70355279792184 11.27
1128 30.73066318796329 11.28
1129 30.75777438893562 11.29
1130 30.78488529301501 11.3
1131 30.81199602754522 11.31
1132 30.83910699703419 11.32
1133 30.86621839659708 11.33
1134 30.89332913574263 11.34
1135 30.92044012790328 11.35
1136 30.94755113892967 11.36
1137 30.97466214355903 11.37
1138 31.00177317144801 11.38
1139 31.02888455885173 11.39
1140 31.05599461551602 11.4
1141 31.08310476486 11.41
1142 31.11021477398595 11.42
1143 31.13732495491749 11.43
1144 31.16443516588689 11.44
1145 31.19154573032466 11.45
1146 31.2186558013215 11.46
1147 31.24576620832734 11.47
1148 31.2728761937712 11.48
1149 31.29998649018935 11.49
1150 31.32709721033827 11.5
1151 31.35420796276998 11.51
1152 31.38131839035307 11.52
1153 31.40842829820591 11.53
1154 31.43553834112798 11.54
1155 31.46264761239773 11.55
1156 31.48975679331175 11.56
1157 31.51686718827062 11.57
1158 31.54397808932991 11.58
1159 31.57108890116161 11.59
1160 31.5981992027753 11.6
1161 31.62530939060701 11.61
1162 31.65241946264859 11.62
1163 31.67952971453241 11.63
1164 31.70663997033785 11.64
1165 31.73374979216275 11.65
1166 31.76086059245728 11.66
1167 31.78797008182653 11.67
1168 31.81508024081855 11.68
1169 31.84219641468753 11.69
1170 31.86931709898906 11.7
1171 31.89643602899871 11.71
1172 31.92355611443319 11.72
1173 31.95067220750229 11.73
1174 31.97779246993047 11.74
1175 32.00490198705873 11.75
1176 32.03201240691965 11.76
1177 32.05912234074194 11.77
1178 32.08623185601738 11.78
1179 32.1133418582198 11.79
1180 32.1404533903026 11.8
1181 32.16756558839803 11.81
1182 32.19467608536228 11.82
1183 32.22178669898874 11.83
1184 32.24889728694129 11.84
1185 32.27600807085274 11.85
1186 32.30311877844685 11.86
1187 32.33022897630224 11.87
1188 32.35733960524033 11.88
1189 32.38445050758953 11.89
1190 32.41156039143539 11.9
1191 32.43866901356587 11.91
1192 32.46577799947477 11.92
1193 32.49288656095423 11.93
1194 32.51999505180063 11.94
1195 32.54710310204669 11.95
1196 32.57421182349303 11.96
1197 32.6013209549447 11.97
1198 32.62843055897147 11.98
1199 32.65553983529835 11.99
1200 32.68265135183083 12
1201 32.70975686133688 12.01
1202 32.7368749729655 12.02
1203 32.76398272782231 12.03
1204 32.79109177127734 12.04
1205 32.81819944542182 12.05
1206 32.84530786304097 12.06
1207 32.87241670991187 12.07
1208 32.89952686253415 12.08
1209 32.92663713306881 12.09
1210 32.95374727635551 12.1
1211 32.98085763882117 12.11
1212 33.00796786444525 12.12
1213 33.03507810212457 12.13
1214 33.06218772012276 12.14
1215 33.08929806338436 12.15
1216 33.11640646292777 12.16
1217 33.14351470883071 12.17
1218 33.17062279075911 12.18
1219 33.1977328899465 12.19
1220 33.22484300510162 12.2
1221 33.25195306372703 12.21
1222 33.27906299391356 12.22
1223 33.30617288078896 12.23
1224 33.33328280711721 12.24
1225 33.36039295177939 12.25
1226 33.38750269481306 12.26
1227 33.4146121879748 12.27
1228 33.44172287288127 12.28
1229 33.46883224031042 12.29
1230 33.49594215683852 12.3
1231 33.52305158167263 12.31
1232 33.5501596063954 12.32
1233 33.57726743623175 12.33
1234 33.60437614905387 12.34
1235 33.63148477062596 12.35
1236 33.65859328725131 12.36
1237 33.68570180719644 12.37
1238 33.7128101768931 12.38
1239 33.73992033544617 12.39
1240 33.76702901257249 12.4
1241 33.79413829192895 12.41
1242 33.82124817571018 12.42
1243 33.8483572610155 12.43
1244 33.87546592318294 12.44
1245 33.90257327407035 12.45
1246 33.9296803933772 12.46
1247 33.95678880328899 12.47
1248 33.9838974499403 12.48
1249 34.01100548799792 12.49
1250 34.03811526845045 12.5
1251 34.06522434637489 12.51
1252 34.09233322265129 12.52
1253 34.11944154269606 12.53
1254 34.14654941741875 12.54
1255 34.17365804770081 12.55
1256 34.20076656691266 12.56
1257 34.22787514572929 12.57
1258 34.25498409968121 12.58
1259 34.28209216493325 12.59
1260 34.30920011464674 12.6
1261 34.3363078350513 12.61
1262 34.36341528349499 12.62
1263 34.39052379943946 12.63
1264 34.41763262605602 12.64
1265 34.44474112731071 12.65
1266 34.47184946233874 12.66
1267 34.49895761869483 12.67
1268 34.52606563114418 12.68
1269 34.55317432019771 12.69
1270 34.58028379818653 12.7
1271 34.60739320295558 12.71
1272 34.63450243719466 12.72
1273 34.66161227581847 12.73
1274 34.68872142237431 12.74
1275 34.71583046710367 12.75
1276 34.74294026005844 12.76
1277 34.77004945191553 12.77
1278 34.79715856481472 12.78
1279 34.8242674938068 12.79
1280 34.85137653405435 12.8
1281 34.87848591954491 12.81
1282 34.90559550598255 12.82
1283 34.9327051505354 12.83
1284 34.9598146753686 12.84
1285 34.98692387308378 12.85
1286 35.01403305320662 12.86
1287 35.04114216901175 12.87
1288 35.0682505947149 12.88
1289 35.09535870360889 12.89
1290 35.12246654392199 12.9
1291 35.14957431642584 12.91
1292 35.17668153428191 12.92
1293 35.2037858592123 12.93
1294 35.23089178884916 12.94
1295 35.25799435804284 12.95
1296 35.28509837878979 12.96
1297 35.31220305473458 12.97
1298 35.33930851709654 12.98
1299 35.36641458089063 12.99
1300 35.39352038806358 13
1301 35.42062702859434 13.01
1302 35.4477337312658 13.02
1303 35.47483981336366 13.03
1304 35.50194610966243 13.04
1305 35.52905280232535 13.05
1306 35.55616006967529 13.06
1307 35.58326840028489 13.07
1308 35.61037673055843 13.08
1309 35.63748546686616 13.09
1310 35.66459437931001 13.1
1311 35.69170273984436 13.11
1312 35.7188118955571 13.12
1313 35.74592072611978 13.13
1314 35.77302933850801 13.14
1315 35.80013814253931 13.15
1316 35.82724688888211 13.16
1317 35.85435626061209 13.17
1318 35.8814648156726 13.18
1319 35.90857338388372 13.19
1320 35.93568132324819 13.2
1321 35.96278952592984 13.21
1322 35.98989808117962 13.22
1323 36.01700660297669 13.23
1324 36.04411375643417 13.24
1325 36.07122040672365 13.25
1326 36.09832892436182 13.26
1327 36.12543479709072 13.27
1328 36.15254112209878 13.28
1329 36.179645806297 13.29
1330 36.20675584487342 13.3
1331 36.23386405649804 13.31
1332 36.26097084554553 13.32
1333 36.28807696348946 13.33
1334 36.31518340491522 13.34
1335 36.3422884925979 13.35
1336 36.36939556621613 13.36
1337 36.39650097286386 13.37
1338 36.42361095567014 13.38
1339 36.45071644074326 13.39
1340 36.47782385657456 13.4
1341 36.50493199844255 13.41
1342 36.53203876125717 13.42
1343 36.55914313829192 13.43
1344 36.58625476524266 13.44
1345 36.61336203092274 13.45
1346 36.64047276867797 13.46
1347 36.6675805759254 13.47
1348 36.69469002144979 13.48
1349 36.72178697098865 13.49
1350 36.74889559523719 13.5
1351 36.77600490175338 13.51
1352 36.80311352885489 13.52
1353 36.83022203004998 13.53
1354 36.85733038557473 13.54
1355 36.88443908134557 13.55
1356 36.9115476487838 13.56
1357 36.93865665513611 13.57
1358 36.96576586844388 13.58
1359 36.99287525685888 13.59
1360 37.01998465916459 13.6
1361 37.04709404296865 13.61
1362 37.07420247091919 13.62
1363 37.10130991995148 13.63
1364 37.12841887726567 13.64
1365 37.15552739139983 13.65
1366 37.18263573673579 13.66
1367 37.20974385019124 13.67
1368 37.23685224105724 13.68
1369 37.26396041667539 13.69
1370 37.29106962656195 13.7
1371 37.31817835884637 13.71
1372 37.34528698785152 13.72
1373 37.37239546527633 13.73
1374 37.39950371609959 13.74
1375 37.42661700045926 13.75
1376 37.45372967185708 13.76
1377 37.48084213346118 13.77
1378 37.50795219558225 13.78
1379 37.53505898029732 13.79
1380 37.56216635537732 13.8
1381 37.58927376789379 13.81
1382 37.61638054620246 13.82
1383 37.64348498757058 13.83
1384 37.67058995707268 13.84
1385 37.69769761683023 13.85
1386 37.72480482848925 13.86
1387 37.75191225534668 13.87
1388 37.77901900081162 13.88
1389 37.8061263687612 13.89
1390 37.83323352757903 13.9
1391 37.86034073424564 13.91
1392 37.88744701108092 13.92
1393 37.91455330942851 13.93
1394 37.94166091336706 13.94
1395 37.96876883752159 13.95
1396 37.99587726574886 13.96
1397 38.02298556611493 13.97
1398 38.05009409218447 13.98
1399 38.07720245315004 13.99
1400 38.10431077597367 14
1401 38.1314190889678 14.01
1402 38.15852686602143 14.02
1403 38.1856351979561 14.03
1404 38.2127435589592 14.04
1405 38.23985207992681 14.05
1406 38.26696034828906 14.06
1407 38.29406845321258 14.07
1408 38.3211766239879 14.08
1409 38.34828465669156 14.09
1410 38.37539266652816 14.1
1411 38.40250041030748 14.11
1412 38.42960795287544 14.12
1413 38.45671533038765 14.13
1414 38.48382252675276 14.14
1415 38.51092996942889 14.15
1416 38.53803756271212 14.16
1417 38.56514488502667 14.17
1418 38.59225345138393 14.18
1419 38.61935888514482 14.19
1420 38.64646680404357 14.2
1421 38.67357501205812 14.21
1422 38.70068224516226 14.22
1423 38.72777565059094 14.23
1424 38.7548712008101 14.24
1425 38.78197019729397 14.25
1426 38.80908498374363 14.26
1427 38.83619926073907 14.27
1428 38.86331408838004 14.28
1429 38.8904270246743 14.29
1430 38.9175364986731 14.3
1431 38.94463784703228 14.31
1432 38.97173880957168 14.32
1433 38.99885063973648 14.33
1434 39.02596185181453 14.34
1435 39.05307169000615 14.35
1436 39.08018117351063 14.36
1437 39.10729089745728 14.37
1438 39.13439835460318 14.38
1439 39.16151070891043 14.39
1440 39.1886208695751 14.4
1441 39.21573437555864 14.41
1442 39.24283988119052 14.42
1443 39.2699520970917 14.43
1444 39.29705807456968 14.44
1445 39.32416549890922 14.45
1446 39.35127210935784 14.46
1447 39.37838298825051 14.47
1448 39.40549135904837 14.48
1449 39.43259965427222 14.49
1450 39.45970725221069 14.5
1451 39.48681504570455 14.51
1452 39.51392294504758 14.52
1453 39.54103061297602 14.53
1454 39.56813824869236 14.54
1455 39.59524589094566 14.55
1456 39.62235343746755 14.56
1457 39.64946102262709 14.57
1458 39.67656855746506 14.58
1459 39.70367610312152 14.59
1460 39.73078338734221 14.6
1461 39.75789056079944 14.61
1462 39.78499759803968 14.62
1463 39.81210464050345 14.63
1464 39.8392113551803 14.64
1465 39.86631802575806 14.65
1466 39.89342422858206 14.66
1467 39.92053047720047 14.67
1468 39.94763705880479 14.68
1469 39.97474348479197 14.69
1470 40.0018505511505 14.7
1471 40.02895811376536 14.71
1472 40.05606554547341 14.72
1473 40.08317303598776 14.73
1474 40.11028098228789 14.74
1475 40.13738931236153 14.75
1476 40.16449471619534 14.76
1477 40.19160279825619 14.77
1478 40.2187082909105 14.78
1479 40.24581513728479 14.79
1480 40.27292147722001 14.8
1481 40.30003019665168 14.81
1482 40.32713538611518 14.82
1483 40.35424332311849 14.83
1484 40.38135013757811 14.84
1485 40.40845707377615 14.85
1486 40.43556491804742 14.86
1487 40.46267327664944 14.87
1488 40.48978051562315 14.88
1489 40.51688689210836 14.89
1490 40.54399324289546 14.9
1491 40.57110285525545 14.91
1492 40.59821014455333 14.92
1493 40.62531706520106 14.93
1494 40.65242457235239 14.94
1495 40.6795322002522 14.95
1496 40.70663955771299 14.96
1497 40.73374699970469 14.97
1498 40.760852194422 14.98
1499 40.78795774007481 14.99
1500 40.8150654087277 15
1501 40.84217107620933 15.01
1502 40.86927736155685 15.02
1503 40.8963831049862 15.03
1504 40.92349045227618 15.04
1505 40.9505983800027 15.05
1506 40.97770536742941 15.06
1507 41.0048129097369 15.07
1508 41.03192126732888 15.08
1509 41.05902922294664 15.09
1510 41.08613725918366 15.1
1511 41.11324562184643 15.11
1512 41.14035241692079 15.12
1513 41.16745914519105 15.13
1514 41.19456571604458 15.14
1515 41.22167247673208 15.15
1516 41.24877979570978 15.16
1517 41.27588720723443 15.17
1518 41.30299403381311 15.18
1519 41.33010098713822 15.19
1520 41.35720788827021 15.2
1521 41.38431481988192 15.21
1522 41.41142105857823 15.22
1523 41.43852827989178 15.23
1524 41.465635285048 15.24
1525 41.49274270272795 15.25
1526 41.5198485637332 15.26
1527 41.54695651439012 15.27
1528 41.57406271960462 15.28
1529 41.60116880706459 15.29
1530 41.62827328469129 15.3
1531 41.65537719513387 15.31
1532 41.68248282474222 15.32
1533 41.70958886831408 15.33
1534 41.73669511327705 15.34
1535 41.76380199754889 15.35
1536 41.79090811682089 15.36
1537 41.81801321870626 15.37
1538 41.84511916103815 15.38
1539 41.87222462694766 15.39
1540 41.89933055919338 15.4
1541 41.92643634919119 15.41
1542 41.95354254042003 15.42
1543 41.98064882624566 15.43
1544 42.0077549233629 15.44
1545 42.03486094988739 15.45
1546 42.06196669875784 15.46
1547 42.08907213366761 15.47
1548 42.11617728329497 15.48
1549 42.14328251016983 15.49
1550 42.1703879552576 15.5
1551 42.19749327303589 15.51
1552 42.22459789047332 15.52
1553 42.25170207136728 15.53
1554 42.27880656762751 15.54
1555 42.30591022316796 15.55
1556 42.3330177066356 15.56
1557 42.36012228026144 15.57
1558 42.38722688386046 15.58
1559 42.41433120893893 15.59
1560 42.44143656475438 15.6
1561 42.46854261905081 15.61
1562 42.49564631640339 15.62
1563 42.52275127263705 15.63
1564 42.5498567217858 15.64
1565 42.57696238966614 15.65
1566 42.60406771272075 15.66
1567 42.63117294557384 15.67
1568 42.65827909365989 15.68
1569 42.68538447027384 15.69
1570 42.71249102968878 15.7
1571 42.73959818830224 15.71
1572 42.76670509169867 15.72
1573 42.79381147742199 15.73
1574 42.82091703174527 15.74
1575 42.84802260976517 15.75
1576 42.87512853935401 15.76
1577 42.90223448248999 15.77
1578 42.9293404282252 15.78
1579 42.95644643731745 15.79
1580 42.98355276443711 15.8
1581 43.0106585058474 15.81
1582 43.03776373431623 15.82
1583 43.06486917479018 15.83
1584 43.09197468794133 15.84
1585 43.11908059252663 15.85
1586 43.14618607189699 15.86
1587 43.17329155549008 15.87
1588 43.20039696837334 15.88
1589 43.22750227417885 15.89
1590 43.25460737197711 15.9
1591 43.28171244308246 15.91
1592 43.30881775251088 15.92
1593 43.33592328110153 15.93
1594 43.36302807059815 15.94
1595 43.39013237157457 15.95
1596 43.4172368855088 15.96
1597 43.44434158340727 15.97
1598 43.47144588944924 15.98
1599 43.49855104190658 15.99
1600 43.52565631338073 16
1601 43.55276141995069 16.01
1602 43.57986586897527 16.02
1603 43.60697078729728 16.03
1604 43.63407672314074 16.04
1605 43.66118155338269 16.05
1606 43.68828602316601 16.06
1607 43.71539116783828 16.07
1608 43.74249541622852 16.08
1609 43.76959996880767 16.09
1610 43.79670511883639 16.1
1611 43.82381039089069 16.11
1612 43.85091454636901 16.12
1613 43.87802061257814 16.13
1614 43.90512558947553 16.14
1615 43.93223150250414 16.15
1616 43.95933737402531 16.16
1617 43.98644238062838 16.17
1618 44.01354820420327 16.18
1619 44.04065452556674 16.19
1620 44.06775965900789 16.2
1621 44.09486437389663 16.21
1622 44.12197039946769 16.22
1623 44.14907509258461 16.23
1624 44.1761872002774 16.24
1625 44.20328933591122 16.25
1626 44.2303978966614 16.26
1627 44.25750075133031 16.27
1628 44.28460453766101 16.28
1629 44.31171364242942 16.29
1630 44.33881913264144 16.3
1631 44.36592435634392 16.31
1632 44.393029588402 16.32
1633 44.42013411392973 16.33
1634 44.44723908918355 16.34
1635 44.47434362659737 16.35
1636 44.50144485846781 16.36
1637 44.52854983562084 16.37
1638 44.55565471656104 16.38
1639 44.58275951760201 16.39
1640 44.60986383819072 16.4
1641 44.63696826649961 16.41
1642 44.6640725330926 16.42
1643 44.69117696184024 16.43
1644 44.71828135076046 16.44
1645 44.74538542924935 16.45
1646 44.77248942771959 16.46
1647 44.79959503015143 16.47
1648 44.82670011322418 16.48
1649 44.85380525278852 16.49
1650 44.88090990012708 16.5
1651 44.90801426985725 16.51
1652 44.93511947807012 16.52
1653 44.96222470287285 16.53
1654 44.98932991084747 16.54
1655 45.01643492025524 16.55
1656 45.04354044833076 16.56
1657 45.07064607578239 16.57
1658 45.09775186872652 16.58
1659 45.12485681292364 16.59
1660 45.15196225601849 16.6
1661 45.17906759060818 16.61
1662 45.20617207886003 16.62
1663 45.23327330781102 16.63
1664 45.26037718871449 16.64
1665 45.28748199252776 16.65
1666 45.31458694116147 16.66
1667 45.34169078729352 16.67
1668 45.36879680224753 16.68
1669 45.39591792417102 16.69
1670 45.42302225764664 16.7
1671 45.45012650980294 16.71
1672 45.47723332958337 16.72
1673 45.50433854328141 16.73
1674 45.53143982799963 16.74
1675 45.55854168328518 16.75
1676 45.58564423188506 16.76
1677 45.61274875800092 16.77
1678 45.639853148425 16.78
1679 45.66695764300262 16.79
1680 45.69406240639276 16.8
1681 45.72116651577618 16.81
1682 45.74827145901264 16.82
1683 45.7753759479126 16.83
1684 45.80248006736866 16.84
1685 45.82958428106264 16.85
1686 45.85668825725475 16.86
1687 45.88379230090929 16.87
1688 45.91089626528779 16.88
1689 45.93799955019141 16.89
1690 45.96510334943632 16.9
1691 45.99220691048273 16.91
1692 46.01931057674715 16.92
1693 46.0464139278488 16.93
1694 46.07351840831922 16.94
1695 46.10062192644904 16.95
1696 46.12772602701239 16.96
1697 46.15482977994016 16.97
1698 46.18193412261741 16.98
1699 46.20903852200926 16.99
1700 46.23614271745089 17
1701 46.26324669335503 17.01
1702 46.29035123389022 17.02
1703 46.31745536532009 17.03
1704 46.34455962845288 17.04
1705 46.3716639092754 17.05
1706 46.39876756198702 17.06
1707 46.42587123019714 17.07
1708 46.45297413884924 17.08
1709 46.48007876046164 17.09
1710 46.50718310493284 17.1
1711 46.5342874155944 17.11
1712 46.56139151041526 17.12
1713 46.58849503742642 17.13
1714 46.61559812655626 17.14
1715 46.64269628771351 17.15
1716 46.66979626290544 17.16
1717 46.69689896356805 17.17
1718 46.72400057692894 17.18
1719 46.75110196902679 17.19
1720 46.77820192142619 17.2
1721 46.80530405754948 17.21
1722 46.832406331047 17.22
1723 46.85950946437892 17.23
1724 46.88661276622061 17.24
1725 46.91371616954324 17.25
1726 46.94081925992982 17.26
1727 46.96792241016368 17.27
1728 46.99502552713037 17.28
1729 47.02212853865151 17.29
1730 47.04923067853131 17.3
1731 47.07633252333019 17.31
1732 47.10343443408853 17.32
1733 47.13053721193944 17.33
1734 47.15763999735934 17.34
1735 47.18474297327236 17.35
1736 47.21184547153585 17.36
1737 47.2389480974458 17.37
1738 47.26605088608611 17.38
1739 47.29315355547515 17.39
1740 47.3202561392779 17.4
1741 47.34735875637189 17.41
1742 47.37446150240534 17.42
1743 47.40156425120222 17.43
1744 47.42866699273429 17.44
1745 47.45576946902816 17.45
1746 47.48287184252457 17.46
1747 47.50997450965006 17.47
1748 47.53707706579451 17.48
1749 47.56417938727908 17.49
1750 47.59128171240886 17.5
1751 47.61838394856669 17.51
1752 47.64548595321346 17.52
1753 47.67258869645428 17.53
1754 47.69969115812413 17.54
1755 47.72679241921662 17.55
1756 47.75389503732239 17.56
1757 47.78099734597534 17.57
1758 47.8081006446197 17.58
1759 47.83520299720203 17.59
1760 47.86230552034164 17.6
1761 47.88940823841151 17.61
1762 47.91651034923244 17.62
1763 47.94361314771871 17.63
1764 47.97071586044758 17.64
1765 47.99781880700854 17.65
1766 48.02492185528475 17.66
1767 48.05202494527303 17.67
1768 48.07913378363911 17.68
1769 48.1062465609454 17.69
1770 48.13334968209792 17.7
1771 48.16044990006887 17.71
1772 48.18755220770822 17.72
1773 48.214654906216 17.73
1774 48.24175700752045 17.74
1775 48.26885961234969 17.75
1776 48.295961304501 17.76
1777 48.32306270992628 17.77
1778 48.35016374877836 17.78
1779 48.37726438631188 17.79
1780 48.40436535127097 17.8
1781 48.43146673388836 17.81
1782 48.45856647819467 17.82
1783 48.48566810424609 17.83
1784 48.51276887400422 17.84
1785 48.53987071128029 17.85
1786 48.56697140356911 17.86
1787 48.59407188371285 17.87
1788 48.62117337698461 17.88
1789 48.64827439397568 17.89
1790 48.67537556302567 17.9
1791 48.70247705390938 17.91
1792 48.72957843956895 17.92
1793 48.75667967157591 17.93
1794 48.78378158807055 17.94
1795 48.81088355359764 17.95
1796 48.83798516452995 17.96
1797 48.86508808304839 17.97
1798 48.89218910127789 17.98
1799 48.91928993425694 17.99
1800 48.94639027283095 18
1801 48.97349206647466 18.01
1802 49.0005935246101 18.02
1803 49.02769534486094 18.03
1804 49.05479719597321 18.04
1805 49.08189911339291 18.05
1806 49.10900090475585 18.06
1807 49.1361023837407 18.07
1808 49.16320450043858 18.08
1809 49.19030655616435 18.09
1810 49.21740788625906 18.1
1811 49.24450925675968 18.11
1812 49.27161080920002 18.12
1813 49.29871202715691 18.13
1814 49.32581320171153 18.14
1815 49.35291449243671 18.15
1816 49.38001564107917 18.16
1817 49.40711688564805 18.17
1818 49.43421902029944 18.18
1819 49.46132248681177 18.19
1820 49.48842354722717 18.2
1821 49.51552474169672 18.21
1822 49.54262599359652 18.22
1823 49.56972699872169 18.23
1824 49.5968281421769 18.24
1825 49.62392959337375 18.25
1826 49.65102768416614 18.26
1827 49.67812864874386 18.27
1828 49.70523005570293 18.28
1829 49.73233117494513 18.29
1830 49.7594328936248 18.3
1831 49.7865341296433 18.31
1832 49.81363542128904 18.32
1833 49.84073626157868 18.33
1834 49.86783693771392 18.34
1835 49.8949367432318 18.35
1836 49.92203652748243 18.36
1837 49.94913620841765 18.37
1838 49.97623595432194 18.38
1839 50.00333536047486 18.39
1840 50.03043577045318 18.4
1841 50.05753597088622 18.41
1842 50.08463633393143 18.42
1843 50.1117369878012 18.43
1844 50.13883722475485 18.44
1845 50.16593784958661 18.45
1846 50.19303876247618 18.46
1847 50.22013921535756 18.47
1848 50.24723881183736 18.48
1849 50.27433879779538 18.49
1850 50.30143991837362 18.5
1851 50.32853988811446 18.51
1852 50.35563953391794 18.52
1853 50.38273985367232 18.53
1854 50.40984132067801 18.54
1855 50.43694067642864 18.55
1856 50.46404012451941 18.56
1857 50.49114282092599 18.57
1858 50.51824567422166 18.58
1859 50.54534900953994 18.59
1860 50.57244800929909 18.6
1861 50.59955091042686 18.61
1862 50.62665170511065 18.62
1863 50.65375184498245 18.63
1864 50.68085139469711 18.64
1865 50.70794909931899 18.65
1866 50.73504803922707 18.66
1867 50.7621471535312 18.67
1868 50.78924653576215 18.68
1869 50.81634652765955 18.69
1870 50.84345168937668 18.7
1871 50.87055193510634 18.71
1872 50.89765461270381 18.72
1873 50.92475581552349 18.73
1874 50.95185736260017 18.74
1875 50.97896003269587 18.75
1876 51.00606045611789 18.76
1877 51.03316548239353 18.77
1878 51.06026241236246 18.78
1879 51.08735250561931 18.79
1880 51.11444653209734 18.8
1881 51.14154340514851 18.81
1882 51.16864060312074 18.82
1883 51.19573738436549 18.83
1884 51.22283901126941 18.84
1885 51.24993967378508 18.85
1886 51.27703780029535 18.86
1887 51.3041358043458 18.87
1888 51.33123268356817 18.88
1889 51.35832940848067 18.89
1890 51.38542695150343 18.9
1891 51.41252429566001 18.91
1892 51.43962194786633 18.92
1893 51.46671855424616 18.93
1894 51.49381718398095 18.94
1895 51.52091601698282 18.95
1896 51.54801425098218 18.96
1897 51.57511236468945 18.97
1898 51.60221251778407 18.98
1899 51.62931027871058 18.99
1900 51.65640860096298 19
1901 51.68350741941924 19.01
1902 51.71060602794383 19.02
1903 51.73770545555055 19.03
1904 51.76480422457017 19.04
1905 51.79190327291701 19.05
1906 51.81900226605551 19.06
1907 51.84610139263037 19.07
1908 51.8732003445983 19.08
1909 51.9002992514295 19.09
1910 51.9273979155758 19.1
1911 51.9544969946428 19.11
1912 51.98159569245757 19.12
1913 52.00869447733639 19.13
1914 52.03579329498166 19.14
1915 52.06289232830847 19.15
1916 52.08999120011647 19.16
1917 52.11709059476942 19.17
1918 52.14419004219007 19.18
1919 52.1712887197281 19.19
1920 52.19838727777455 19.2
1921 52.22548573737355 19.21
1922 52.25258492615849 19.22
1923 52.27968481129945 19.23
1924 52.30678392370896 19.24
1925 52.33388243210247 19.25
1926 52.3609826134424 19.26
1927 52.38808276761839 19.27
1928 52.41518127503378 19.28
1929 52.44228043288724 19.29
1930 52.46937913904056 19.3
1931 52.4964778107944 19.31
1932 52.52357642886365 19.32
1933 52.55067500534875 19.33
1934 52.57777338060064 19.34
1935 52.60487172265717 19.35
1936 52.6319705985077 19.36
1937 52.65907030989252 19.37
1938 52.68616936869944 19.38
1939 52.71326942446375 19.39
1940 52.74036805846659 19.4
1941 52.76746646172923 19.41
1942 52.79456519177307 19.42
1943 52.82166391907445 19.43
1944 52.84876266303088 19.44
1945 52.87586158776237 19.45
1946 52.90296049722213 19.46
1947 52.93005940053748 19.47
1948 52.95715833885555 19.48
1949 52.98425714581332 19.49
1950 53.0113559889511 19.5
1951 53.0384547242371 19.51
1952 53.06555363585041 19.52
1953 53.09265223063126 19.53
1954 53.11975072229593 19.54
1955 53.14684910721563 19.55
1956 53.17394762395664 19.56
1957 53.20104618246449 19.57
1958 53.2281447659312 19.58
1959 53.2552432228641 19.59
1960 53.28234149257774 19.6
1961 53.3094369336305 19.61
1962 53.33653419953403 19.62
1963 53.36363129161585 19.63
1964 53.39072810006513 19.64
1965 53.41782459245508 19.65
1966 53.44492151466451 19.66
1967 53.47201837084405 19.67
1968 53.49911480574348 19.68
1969 53.52621146334089 19.69
1970 53.55330783276624 19.7
1971 53.58040453595851 19.71
1972 53.60750149437695 19.72
1973 53.63459786078307 19.73
1974 53.6616951387154 19.74
1975 53.68879362166787 19.75
1976 53.71589157554835 19.76
1977 53.74298905720572 19.77
1978 53.77008580716148 19.78
1979 53.79718273677817 19.79
1980 53.82427960965677 19.8
1981 53.85137662967558 19.81
1982 53.87847415362166 19.82
1983 53.90557091754543 19.83
1984 53.93266779776949 19.84
1985 53.95976601959936 19.85
1986 53.98686239614953 19.86
1987 54.01395899407903 19.87
1988 54.04105556769559 19.88
1989 54.06815220558563 19.89
1990 54.09524878792298 19.9
1991 54.12234532585176 19.91
1992 54.14944176644701 19.92
1993 54.17653810003956 19.93
1994 54.20363450023158 19.94
1995 54.23073071975837 19.95
1996 54.25782702598265 19.96
1997 54.28492324980223 19.97
1998 54.31201953137892 19.98
1999 54.33911579100154 19.99
2000 54.3662117217743 20
2001 54.39330866016605 20.01
2002 54.42040465122439 20.02
2003 54.44750149125118 20.03
2004 54.47459675948033 20.04
2005 54.50169558624552 20.05
2006 54.52879141927523 20.06
2007 54.55588736511576 20.07
2008 54.58298333076989 20.08
2009 54.61007950627616 20.09
2010 54.63717529249124 20.1
2011 54.66427147308961 20.11
2012 54.69136746599974 20.12
2013 54.71846289908618 20.13
2014 54.74555911105472 20.14
2015 54.77265467277056 20.15
2016 54.79974628977091 20.16
2017 54.82684174692405 20.17
2018 54.85393801396162 20.18
2019 54.88103353985002 20.19
2020 54.9081286462818 20.2
2021 54.93522358585099 20.21
2022 54.96231879228581 20.22
2023 54.98941405242189 20.23
2024 55.01650880161198 20.24
2025 55.04359686260512 20.25
2026 55.07069219500776 20.26
2027 55.09778872712487 20.27
2028 55.12488335292466 20.28
2029 55.15197859566737 20.29
2030 55.17907363797451 20.3
2031 55.20616869244583 20.31
2032 55.23326432602974 20.32
2033 55.26035939452614 20.33
2034 55.28745500616429 20.34
2035 55.3145499308585 20.35
2036 55.3416448053148 20.36
2037 55.36873962990671 20.37
2038 55.39583463416503 20.38
2039 55.42292935785701 20.39
2040 55.45002431954865 20.4
2041 55.47711915472637 20.41
2042 55.50421381523244 20.42
2043 55.53130895521398 20.43
2044 55.55840364350857 20.44
2045 55.58549851545215 20.45
2046 55.61259296025899 20.46
2047 55.63968756001085 20.47
2048 55.66678259639356 20.48
2049 55.6938774439538 20.49
2050 55.72097199234442 20.5
2051 55.74806676248006 20.51
2052 55.7751612997379 20.52
2053 55.8022555143268 20.53
2054 55.82934883298405 20.54
2055 55.85644350899759 20.55
2056 55.88353859444198 20.56
2057 55.91063348056898 20.57
2058 55.93773052049858 20.58
2059 55.96482518145358 20.59
2060 55.99191983072807 20.6
2061 56.01901352841251 20.61
2062 56.04610875164075 20.62
2063 56.07320452338358 20.63
2064 56.10029951940364 20.64
2065 56.12739392967646 20.65
2066 56.15448874537747 20.66
2067 56.1815842401632 20.67
2068 56.20867929603241 20.68
2069 56.2357745823934 20.69
2070 56.26287114265995 20.7
2071 56.2899644740537 20.71
2072 56.31705775119264 20.72
2073 56.3441509976599 20.73
2074 56.37124408211828 20.74
2075 56.39833709693779 20.75
2076 56.42542999575888 20.76
2077 56.45252312269893 20.77
2078 56.47961684836201 20.78
2079 56.50671065559413 20.79
2080 56.53380442841604 20.8
2081 56.56089832829906 20.81
2082 56.587991790681 20.82
2083 56.61508574971078 20.83
2084 56.64217907458973 20.84
2085 56.66927287932987 20.85
2086 56.69636666334682 20.86
2087 56.72346039077807 20.87
2088 56.75055410541206 20.88
2089 56.77764673961049 20.89
2090 56.80473939682788 20.9
2091 56.83183219049395 20.91
2092 56.85892551504431 20.92
2093 56.88601888508006 20.93
2094 56.91311207778708 20.94
2095 56.94020449171337 20.95
2096 56.9672977472927 20.96
2097 56.99438787723732 20.97
2098 57.02148075387966 20.98
2099 57.04857296196586 20.99
2100 57.07566624902955 21
2101 57.10276497666527 21.01
2102 57.12985652238854 21.02
2103 57.15694991720945 21.03
2104 57.18403448952296 21.04
2105 57.21112673121291 21.05
2106 57.2382191131932 21.06
2107 57.26531193802577 21.07
2108 57.29240502795599 21.08
2109 57.31949781685159 21.09
2110 57.3465907384273 21.1
2111 57.37368351130546 21.11
2112 57.40077646722673 21.12
2113 57.427869630396 21.13
2114 57.45496244415716 21.14
2115 57.48205531271422 21.15
2116 57.50914846514665 21.16
2117 57.53624124830968 21.17
2118 57.56333369712071 21.18
2119 57.59042654804612 21.19
2120 57.61752441176283 21.2
2121 57.64461646492787 21.21
2122 57.67170828065256 21.22
2123 57.69880037275242 21.23
2124 57.72589174383941 21.24
2125 57.7529828938665 21.25
2126 57.78007489060784 21.26
2127 57.80716686233247 21.27
2128 57.83425903678452 21.28
2129 57.86135157148021 21.29
2130 57.88844368824786 21.3
2131 57.91553592885701 21.31
2132 57.94262827374001 21.32
2133 57.96972024945828 21.33
2134 57.99681213886623 21.34
2135 58.02390456252749 21.35
2136 58.05099688800527 21.36
2137 58.07808817229927 21.37
2138 58.10517961454026 21.38
2139 58.13227118892206 21.39
2140 58.1593623399211 21.4
2141 58.18645455539408 21.41
2142 58.21354591300951 21.42
2143 58.24063731701331 21.43
2144 58.26772882402504 21.44
2145 58.29481993258538 21.45
2146 58.32190693180575 21.46
2147 58.34899849503599 21.47
2148 58.3760897858962 21.48
2149 58.40318097802052 21.49
2150 58.43027216041252 21.5
2151 58.4573629880992 21.51
2152 58.48445360611332 21.52
2153 58.51154427955927 21.53
2154 58.53863502089565 21.54
2155 58.56572596465091 21.55
2156 58.59281712415222 21.56
2157 58.61990810475887 21.57
2158 58.64699939196991 21.58
2159 58.67409038977132 21.59
2160 58.70118158101319 21.6
2161 58.72827286743988 21.61
2162 58.75536490955434 21.62
2163 58.78245601762598 21.63
2164 58.80954743372322 21.64
2165 58.83663858884273 21.65
2166 58.86372928324785 21.66
2167 58.89081989888236 21.67
2168 58.91791023069209 21.68
2169 58.94500063630313 21.69
2170 58.97209036398034 21.7
2171 58.99917990651782 21.71
2172 59.02626941712583 21.72
2173 59.05335787735007 21.73
2174 59.08044594648023 21.74
2175 59.10753498738123 21.75
2176 59.13462414690815 21.76
2177 59.16171297475415 21.77
2178 59.18880192595594 21.78
2179 59.21589100966523 21.79
2180 59.24298069453154 21.8
2181 59.27007000932052 21.81
2182 59.29715883455102 21.82
2183 59.32424823188777 21.83
2184 59.35133720644999 21.84
2185 59.37842649565959 21.85
2186 59.40551646851602 21.86
2187 59.4326058696935 21.87
2188 59.45969496152529 21.88
2189 59.4867842919727 21.89
2190 59.51387333313167 21.9
2191 59.54096559098231 21.91
2192 59.56805580404944 21.92
2193 59.59514862596972 21.93
2194 59.62223750634062 21.94
2195 59.64932607041047 21.95
2196 59.67641523289021 21.96
2197 59.70350413092787 21.97
2198 59.73059254328267 21.98
2199 59.75768165539127 21.99
2200 59.78477082603804 22
2201 59.81186002708913 22.01
2202 59.83894921086284 22.02
2203 59.86603800367035 22.03
2204 59.89312668847594 22.04
2205 59.92021527216514 22.05
2206 59.94730314745945 22.06
2207 59.97439327313489 22.07
2208 60.00148246137647 22.08
2209 60.02857111041872 22.09
2210 60.05565999419456 22.1
2211 60.08274881561948 22.11
2212 60.1098372611154 22.12
2213 60.13692619272327 22.13
2214 60.16401497569164 22.14
2215 60.19110402851374 22.15
2216 60.21819294354784 22.16
2217 60.24528099789358 22.17
2218 60.27237167496091 22.18
2219 60.29946146931523 22.19
2220 60.32654957756824 22.2
2221 60.35363730866587 22.21
2222 60.38072549280055 22.22
2223 60.40781392364525 22.23
2224 60.43490253453445 22.24
2225 60.46199039248164 22.25
2226 60.48907821982556 22.26
2227 60.51616626831019 22.27
2228 60.54325409936038 22.28
2229 60.570342285646 22.29
2230 60.59743041197323 22.3
2231 60.62451763175801 22.31
2232 60.65160456113013 22.32
2233 60.67869106413174 22.33
2234 60.70577793886355 22.34
2235 60.73286452665828 22.35
2236 60.75995717957417 22.36
2237 60.78704207911812 22.37
2238 60.81412281713168 22.38
2239 60.84121149925664 22.39
2240 60.86829824442968 22.4
2241 60.89538539406293 22.41
2242 60.92247318257583 22.42
2243 60.94956072246156 22.43
2244 60.97664825390239 22.44
2245 61.00373565025286 22.45
2246 61.030823244715 22.46
2247 61.05791080021069 22.47
2248 61.08499822325592 22.48
2249 61.11208504738858 22.49
2250 61.13917173432186 22.5
2251 61.1662584090249 22.51
2252 61.19334514795749 22.52
2253 61.22043183315706 22.53
2254 61.2475189829879 22.54
2255 61.27460559321586 22.55
2256 61.30169158170762 22.56
2257 61.32877873621111 22.57
2258 61.35586737478876 22.58
2259 61.38295444465801 22.59
2260 61.41004177730542 22.6
2261 61.43712905706432 22.61
2262 61.46421615805052 22.62
2263 61.49130330321884 22.63
2264 61.51839061734664 22.64
2265 61.54547838277885 22.65
2266 61.572565344825 22.66
2267 61.59965121462127 22.67
2268 61.62673817472996 22.68
2269 61.65382506875714 22.69
2270 61.68091170027217 22.7
2271 61.70799780767773 22.71
2272 61.73508365865979 22.72
2273 61.76217056282978 22.73
2274 61.78925718781977 22.74
2275 61.81634354643766 22.75
2276 61.84342898754689 22.76
2277 61.87051440182562 22.77
2278 61.89759981905878 22.78
2279 61.92468580666655 22.79
2280 61.95177110984376 22.8
2281 61.97885630061073 22.81
2282 62.0059400609418 22.82
2283 62.03302415384547 22.83
2284 62.06010219247268 22.84
2285 62.08718240843477 22.85
2286 62.11426789445796 22.86
2287 62.14135296037471 22.87
2288 62.16843847380102 22.88
2289 62.19552353331112 22.89
2290 62.22260840954487 22.9
2291 62.24969387257176 22.91
2292 62.27677946498486 22.92
2293 62.30386557223825 22.93
2294 62.33095196099345 22.94
2295 62.35803845619424 22.95
2296 62.38512510009738 22.96
2297 62.41221287780495 22.97
2298 62.4393013209525 22.98
2299 62.46638608127162 22.99
2300 62.49347113551556 23
2301 62.5205569681148 23.01
2302 62.54764255841948 23.02
2303 62.57472765227667 23.03
2304 62.60181270924022 23.04
2305 62.628897664486 23.05
2306 62.65598238852721 23.06
2307 62.68306723880159 23.07
2308 62.71015224339784 23.08
2309 62.73723727449638 23.09
2310 62.76432199747963 23.1
2311 62.79140623507891 23.11
2312 62.81849031883686 23.12
2313 62.84557394401512 23.13
2314 62.87265873680321 23.14
2315 62.89974679895664 23.15
2316 62.92683045450231 23.16
2317 62.95391364177875 23.17
2318 62.98099665881404 23.18
2319 63.0080798883803 23.19
2320 63.03516153499819 23.2
2321 63.06224532053703 23.21
2322 63.08932866100479 23.22
2323 63.11641190261425 23.23
2324 63.14349526290478 23.24
2325 63.17057823741124 23.25
2326 63.19766138124274 23.26
2327 63.22474384744388 23.27
2328 63.25182836786966 23.28
2329 63.27891204922858 23.29
2330 63.30599571391485 23.3
2331 63.33307656268101 23.31
2332 63.36015892686596 23.32
2333 63.38724216100924 23.33
2334 63.41432450632605 23.34
2335 63.44140679401328 23.35
2336 63.46848924527858 23.36
2337 63.49557153521359 23.37
2338 63.52265342989715 23.38
2339 63.54973569370466 23.39
2340 63.57681806078665 23.4
2341 63.60390000969758 23.41
2342 63.63098191212066 23.42
2343 63.65806391487455 23.43
2344 63.68514597253079 23.44
2345 63.71222816573653 23.45
2346 63.73931035005498 23.46
2347 63.7663926678526 23.47
2348 63.79347483371973 23.48
2349 63.82055758407479 23.49
2350 63.8476391381008 23.5
2351 63.87472123078997 23.51
2352 63.90180369115338 23.52
2353 63.92888558597713 23.53
2354 63.95596804119346 23.54
2355 63.98305030546667 23.55
2356 64.01013289319897 23.56
