"report-def-0-rfile"
"Time Step" "report-def-0 etc.."
("Time Step" "report-def-0" "flow-time")
0 0 0
1 0.0567138520195207 0.01
2 0.1269375947170705 0.02
3 0.1875618578510651 0.03
4 0.2402744129894003 0.04
5 0.287803554694518 0.05
6 0.3320405426872122 0.06
7 0.3738152037529314 0.07000000000000001
8 0.4133720973056929 0.08
9 0.4515650848530819 0.09
10 0.4888682926211749 0.1
11 0.5255703609716909 0.11
12 0.5618583272819232 0.12
13 0.5978512009149055 0.13
14 0.6336275801334799 0.14
15 0.6692388322382442 0.15
16 0.7047210820149874 0.16
17 0.7401007124084572 0.17
18 0.7754674574743741 0.18
19 0.8107349627631442 0.19
20 0.8459087393261755 0.2
21 0.8810114224134673 0.21
22 0.9160572064881193 0.22
23 0.9510548582667646 0.23
24 0.9860157249185113 0.24
25 1.020943805291747 0.25
26 1.055846290323797 0.26
27 1.090722966893268 0.27
28 1.125436434491101 0.28
29 1.160014368577332 0.29
30 1.194665080558486 0.3
31 1.229590911250682 0.31
32 1.264872072451906 0.32
33 1.300493920225033 0.33
34 1.33638261340617 0.34
35 1.372440815406279 0.35
36 1.408573506226296 0.36
37 1.444705044908266 0.37
38 1.480789783903682 0.38
39 1.516804848350777 0.39
40 1.55274879913233 0.4
41 1.588633033016335 0.41
42 1.624473748958892 0.42
43 1.660288004069494 0.43
44 1.696095272629302 0.44
45 1.731907785079163 0.45
46 1.767738134949924 0.46
47 1.803594684548297 0.47
48 1.839477530825226 0.48
49 1.875396933125093 0.49
50 1.91135349194843 0.5
51 1.947344058846669 0.51
52 1.983367301731866 0.52
53 2.019420629718582 0.53
54 2.055506165083311 0.54
55 2.091618855664948 0.55
56 2.127757610951651 0.5600000000000001
57 2.163919459515816 0.5700000000000001
58 2.200103970700785 0.58
59 2.236308018249637 0.59
60 2.272523795730991 0.6
61 2.308757996793588 0.61
62 2.345007945890572 0.62
63 2.381269030526373 0.63
64 2.417543914010356 0.64
65 2.453836924251465 0.65
66 2.490138351989474 0.66
67 2.526448599296655 0.67
68 2.562766316719044 0.68
69 2.599091903147183 0.6900000000000001
70 2.635428291346721 0.7000000000000001
71 2.671768588239742 0.71
72 2.708116771346879 0.72
73 2.744468698880184 0.73
74 2.780829307288235 0.74
75 2.817193111386095 0.75
76 2.853561544039543 0.76
77 2.889936981752816 0.77
78 2.926316957951819 0.78
79 2.962701157084889 0.79
80 2.999089314564473 0.8
81 3.0354826710029 0.8100000000000001
82 3.071881608133085 0.8200000000000001
83 3.108282575959237 0.8300000000000001
84 3.144686342782524 0.84
85 3.181091752130415 0.85
86 3.217500629886216 0.86
87 3.253913425655209 0.87
88 3.290327933985052 0.88
89 3.326745373467031 0.89
90 3.363165941878719 0.9
91 3.399588883562728 0.91
92 3.436013341052504 0.92
93 3.472438472927113 0.93
94 3.508865778723824 0.9400000000000001
95 3.545294165542857 0.9500000000000001
96 3.58172419145262 0.96
97 3.618156564553718 0.97
98 3.654589440056599 0.98
99 3.691024107662188 0.99
100 3.727461998897867 1
101 3.763901411585144 1.01
102 3.800341931344171 1.02
103 3.836782572623859 1.03
104 3.873225072265854 1.04
105 3.909668406104015 1.05
106 3.946114404719669 1.06
107 3.982561213983919 1.07
108 4.019008293786201 1.08
109 4.055456513347252 1.09
110 4.091905896257383 1.1
111 4.128356693292861 1.11
112 4.164809621485973 1.12
113 4.201262782180637 1.13
114 4.237717103352894 1.14
115 4.274172631776033 1.15
116 4.310631409902102 1.16
117 4.34709298959574 1.17
118 4.383556111778083 1.18
119 4.420018901223915 1.19
120 4.456481023900174 1.2
121 4.492942637282468 1.21
122 4.529405777341304 1.22
123 4.565871202649626 1.23
124 4.602343972610205 1.24
125 4.638827534467602 1.25
126 4.67529657152099 1.26
127 4.71176474649285 1.27
128 4.748232751043142 1.28
129 4.784701380807293 1.29
130 4.821170504447895 1.3
131 4.85764134744043 1.31
132 4.894112709418611 1.32
133 4.930586678066962 1.33
134 4.967060185744126 1.34
135 5.003535862036307 1.35
136 5.040011898314484 1.36
137 5.076487152660378 1.37
138 5.112962739298624 1.38
139 5.14943858885445 1.39
140 5.185915838546163 1.4
141 5.222394563447498 1.41
142 5.258873784342908 1.42
143 5.295352602887587 1.43
144 5.331831817143982 1.44
145 5.36831154631575 1.45
146 5.404791290814924 1.46
147 5.441271723345954 1.47
148 5.477754493985987 1.48
149 5.514237985755424 1.49
150 5.550721852743137 1.5
151 5.587205998885185 1.51
152 5.623689437581559 1.52
153 5.660174864433719 1.53
154 5.696660319856204 1.54
155 5.733145846196463 1.55
156 5.769632197167047 1.56
157 5.806119465073847 1.57
158 5.84260808174389 1.58
159 5.879096998779533 1.59
160 5.915585975046824 1.6
161 5.952074395007117 1.61
162 5.988563270990293 1.62
163 6.025053416210581 1.63
164 6.061543214066221 1.64
165 6.098034128953786 1.65
166 6.134525994902436 1.66
167 6.17101881298788 1.67
168 6.207510654298991 1.68
169 6.244003617202456 1.69
170 6.280496817576719 1.7
171 6.316989375759652 1.71
172 6.353482266465416 1.72
173 6.389976530714376 1.73
174 6.42647135835332 1.74
175 6.462966503709813 1.75
176 6.499463270188384 1.76
177 6.535960429968872 1.77
178 6.57245698948581 1.78
179 6.608953143786264 1.79
180 6.645450433051028 1.8
181 6.681947747309635 1.81
182 6.718444347059537 1.82
183 6.754940785225156 1.83
184 6.791439245643758 1.84
185 6.827937816134073 1.85
186 6.864436749090476 1.86
187 6.900937831420171 1.87
188 6.937438711539749 1.88
189 6.973939048332135 1.89
190 7.010440268686947 1.9
191 7.046941739005763 1.91
192 7.083443051331789 1.92
193 7.119944648685928 1.93
194 7.156446502424462 1.94
195 7.192951424027385 1.95
196 7.229455466502563 1.96
197 7.26596096637339 1.97
198 7.302467238172042 1.98
199 7.338973499666001 1.99
200 7.375478791370333 2
201 7.411984134291631 2.01
202 7.448488901033528 2.02
203 7.484993773247262 2.03
204 7.521498757154259 2.04
205 7.558006107810561 2.05
206 7.594512292298959 2.06
207 7.631019793410576 2.07
208 7.667528088516435 2.08
209 7.704036788347527 2.09
210 7.740545982128517 2.1
211 7.777054698356428 2.11
212 7.813564180707345 2.12
213 7.850072795314032 2.13
214 7.886581764497699 2.14
215 7.923093214991923 2.15
216 7.959604825459827 2.16
217 7.996116556819212 2.17
218 8.032628536124626 2.18
219 8.069140734435113 2.19
220 8.105653447429379 2.2
221 8.14216651860678 2.21
222 8.178679773418413 2.22
223 8.215192631186131 2.23
224 8.251704691055222 2.24
225 8.288216777417777 2.25
226 8.324730085884795 2.26
227 8.36124293519131 2.27
228 8.397757020404695 2.28
229 8.434271188234082 2.29
230 8.470786609802353 2.3
231 8.507302968091679 2.31
232 8.543818449095287 2.32
233 8.580333541360163 2.33
234 8.616850302810365 2.34
235 8.653365764561665 2.35
236 8.689881312817013 2.36
237 8.726397214449975 2.37
238 8.762913165943942 2.38
239 8.799429847888199 2.39
240 8.835946785337324 2.4
241 8.872463857595138 2.41
242 8.908981745548273 2.42
243 8.945500014003112 2.43
244 8.982018410475762 2.44
245 9.018536653619071 2.45
246 9.055056372913981 2.46
247 9.091576653646438 2.47
248 9.128096441832982 2.48
249 9.164614995053647 2.49
250 9.201134314957688 2.5
251 9.237654705876198 2.51
252 9.274176388557452 2.52
253 9.31069859996941 2.53
254 9.347221613216959 2.54
255 9.383746656267178 2.55
256 9.42027245476503 2.56
257 9.456794340488438 2.57
258 9.493317574769975 2.58
259 9.5298418052313 2.59
260 9.566365141063457 2.6
261 9.60288687698176 2.61
262 9.639408981923117 2.62
263 9.675930400311076 2.63
264 9.71245171773718 2.64
265 9.748973808964413 2.65
266 9.785496049729383 2.66
267 9.822019315880537 2.67
268 9.858542877806645 2.68
269 9.895066615229375 2.69
270 9.931590745682213 2.7
271 9.968115902886215 2.71
272 10.00464147940642 2.72
273 10.04116739401962 2.73
274 10.07769203887335 2.74
275 10.11421698563673 2.75
276 10.15074199850956 2.76
277 10.18726723936436 2.77
278 10.22379293753687 2.78
279 10.26031934402199 2.79
280 10.29684689496075 2.8
281 10.33337183688854 2.81
282 10.36989643252391 2.82
283 10.4064214024571 2.83
284 10.44294793010457 2.84
285 10.4794744852546 2.85
286 10.51600053413623 2.86
287 10.55252718659736 2.87
288 10.58905380526374 2.88
289 10.62558019237561 2.89
290 10.66210673741549 2.9
291 10.69863296296945 2.91
292 10.73515944349374 2.92
293 10.77168617762693 2.93
294 10.80821319886478 2.94
295 10.84474107925915 2.95
296 10.88126844263133 2.96
297 10.91779622687014 2.97
298 10.95432447471361 2.98
299 10.99085242693935 2.99
300 11.02738027984796 3
301 11.06390995275407 3.01
302 11.10043777488987 3.02
303 11.13696586240461 3.03
304 11.17349461719738 3.04
305 11.2100225353873 3.05
306 11.24655133439958 3.06
307 11.28307963946535 3.07
308 11.31960848524751 3.08
309 11.35613707780302 3.09
310 11.39266579620698 3.1
311 11.42919480061821 3.11
312 11.46572432540568 3.12
313 11.50225393558193 3.13
314 11.53878366738222 3.14
315 11.57531353964986 3.15
316 11.61184386231264 3.16
317 11.64837429631207 3.17
318 11.6849046860434 3.18
319 11.7214346179536 3.19
320 11.75796367210782 3.2
321 11.79449341973017 3.21
322 11.83102354015072 3.22
323 11.86755345877377 3.23
324 11.90408330123419 3.24
325 11.94061209848473 3.25
326 11.97714290729214 3.26
327 12.01367403147844 3.27
328 12.05020517856643 3.28
329 12.08673657621701 3.29
330 12.12326782669832 3.3
331 12.15979996682118 3.31
332 12.19633224711933 3.32
333 12.23286512739231 3.33
334 12.26939690590405 3.34
335 12.30592855705076 3.35
336 12.34246043595329 3.36
337 12.37899175397478 3.37
338 12.41552354939085 3.38
339 12.45205545891884 3.39
340 12.48858725773276 3.4
341 12.52511836858082 3.41
342 12.56164988735257 3.42
343 12.59818186560044 3.43
344 12.63471383640295 3.44
345 12.67124644115874 3.45
346 12.70778002240593 3.46
347 12.7443142247855 3.47
348 12.78084774587552 3.48
349 12.81738197594358 3.49
350 12.85391529338375 3.5
351 12.89044887911073 3.51
352 12.92698245957767 3.52
353 12.96351563747343 3.53
354 13.00004863562151 3.54
355 13.03658215184056 3.55
356 13.0731148400718 3.56
357 13.1096478367571 3.57
358 13.14618207809627 3.58
359 13.18271511424327 3.59
360 13.21924920729561 3.6
361 13.25578416283462 3.61
362 13.29231867898134 3.62
363 13.32885200143233 3.63
364 13.36538762312623 3.64
365 13.40192267854202 3.65
366 13.43845771211154 3.66
367 13.47499251418159 3.67
368 13.51152734436185 3.68
369 13.54806146870249 3.69
370 13.58459417540587 3.7
371 13.62112769582666 3.71
372 13.65766021252246 3.72
373 13.69419400241141 3.73
374 13.7307277481902 3.74
375 13.76726156024726 3.75
376 13.80379609677317 3.76
377 13.84033022017349 3.77
378 13.87686478560388 3.78
379 13.91339800733891 3.79
380 13.94993401405612 3.8
381 13.98647011798835 3.81
382 14.02300631663164 3.82
383 14.05954247688081 3.83
384 14.09607923865081 3.84
385 14.13261549029583 3.85
386 14.16915211345007 3.86
387 14.20568800404043 3.87
388 14.2422243708762 3.88
389 14.27876103965169 3.89
390 14.31529771252225 3.9
391 14.3518346589963 3.91
392 14.38837156170287 3.92
393 14.42490878816489 3.93
394 14.46144550262719 3.94
395 14.49798214389718 3.95
396 14.53451839528269 3.96
397 14.57105567201769 3.97
398 14.60759359049893 3.98
399 14.64413160872009 3.99
400 14.68066965316689 4
401 14.71720792849014 4.01
402 14.75374608633954 4.02
403 14.7902836522119 4.03
404 14.82682147882644 4.04
405 14.86335885450539 4.05
406 14.89989597271708 4.06
407 14.93643358706278 4.07
408 14.97297112586946 4.08
409 15.00950900698103 4.09
410 15.04604555268267 4.1
411 15.08258330789826 4.11
412 15.11912169923272 4.12
413 15.15566006616128 4.13
414 15.19219871294789 4.14
415 15.22873734487358 4.15
416 15.2652763554306 4.16
417 15.30181548495899 4.17
418 15.338354244463 4.18
419 15.37489341352766 4.19
420 15.41143286082878 4.2
421 15.44797156146459 4.21
422 15.48451013208833 4.22
423 15.52104859705658 4.23
424 15.55758599758181 4.24
425 15.59412415317123 4.25
426 15.63066098302864 4.26
427 15.6671988385298 4.27
428 15.70373797069209 4.28
429 15.74027576476017 4.29
430 15.77681467531918 4.3
431 15.81335394064219 4.31
432 15.8498924635947 4.32
433 15.88643132702458 4.33
434 15.92297175515121 4.34
435 15.95951106689895 4.350000000000001
436 15.99605152945447 4.36
437 16.03259220713427 4.37
438 16.06913202061823 4.38
439 16.10567171806303 4.39
440 16.14221186203671 4.4
441 16.17875179827703 4.41
442 16.21529257168605 4.42
443 16.25183277348373 4.43
444 16.28837319513633 4.44
445 16.32491285503655 4.45
446 16.36145120502606 4.46
447 16.39799157307278 4.47
448 16.43453023714948 4.48
449 16.47107024528172 4.49
450 16.50760954684258 4.5
451 16.54414913399764 4.51
452 16.58068883020724 4.52
453 16.61722917696091 4.53
454 16.65376860055306 4.54
455 16.69030928575646 4.55
456 16.72685031010984 4.56
457 16.76339128965667 4.57
458 16.79993164970054 4.58
459 16.83647205953215 4.59
460 16.87301261432201 4.600000000000001
461 16.90955318897473 4.61
462 16.94609357898682 4.62
463 16.98263348116381 4.63
464 17.0191730458323 4.64
465 17.05571322488839 4.65
466 17.09225425752017 4.66
467 17.12879453516721 4.67
468 17.1653342031509 4.68
469 17.20187243309086 4.69
470 17.23841127387182 4.7
471 17.27495121597378 4.71
472 17.31149203328805 4.72
473 17.34803268551289 4.73
474 17.38457454093668 4.74
475 17.42111696471765 4.75
476 17.45765943002517 4.76
477 17.49420303404658 4.77
478 17.53074739783724 4.78
479 17.56729033098968 4.79
480 17.6038325012237 4.8
481 17.64037448671399 4.81
482 17.6769141668678 4.82
483 17.71345405712077 4.83
484 17.74999219024692 4.84
485 17.78653040076509 4.850000000000001
486 17.8230704913999 4.86
487 17.85961162523668 4.87
488 17.89615207654236 4.88
489 17.93269374057889 4.89
490 17.9692350734402 4.9
491 18.00577767428181 4.91
492 18.04232183771821 4.92
493 18.0788664009965 4.93
494 18.11541118623195 4.94
495 18.15195600884135 4.95
496 18.18850116410016 4.96
497 18.22504487667439 4.97
498 18.26159074076824 4.98
499 18.29813665183293 4.99
500 18.33468404331596 5
501 18.37122994408845 5.01
502 18.40777313673249 5.02
503 18.44431637489039 5.03
504 18.48086024450457 5.04
505 18.51740502501165 5.05
506 18.55394955678761 5.06
507 18.59049161071329 5.07
508 18.62703546975218 5.08
509 18.66357891261509 5.09
510 18.70012050881758 5.100000000000001
511 18.73666193122009 5.11
512 18.77320352830352 5.12
513 18.8097464197456 5.13
514 18.84628920917708 5.14
515 18.88283344396271 5.15
516 18.91937873704708 5.16
517 18.95592407787582 5.17
518 18.99246775069041 5.18
519 19.02901046316601 5.19
520 19.06555257462561 5.2
521 19.10209697314021 5.21
522 19.13864163392947 5.22
523 19.17518616189302 5.23
524 19.21172909463593 5.24
525 19.2482729007553 5.25
526 19.28481677508311 5.26
527 19.32135979887143 5.27
528 19.35790372196162 5.28
529 19.39444680728747 5.29
530 19.43098856256476 5.3
531 19.46753040577623 5.31
532 19.50407231160536 5.32
533 19.54061421035318 5.33
534 19.57715745438715 5.34
535 19.61370252513965 5.350000000000001
536 19.65024796315845 5.36
537 19.68679605368884 5.37
538 19.72334110326616 5.38
539 19.75988625815104 5.39
540 19.79643245890348 5.4
541 19.83297790925459 5.41
542 19.86952319742998 5.42
543 19.90607098045858 5.43
544 19.94261812613822 5.44
545 19.97916566477686 5.45
546 20.01571161048054 5.46
547 20.05225565288507 5.47
548 20.08879976032581 5.48
549 20.12534389117096 5.49
550 20.16188841644139 5.5
551 20.19843350819743 5.51
552 20.23497938807882 5.52
553 20.27152524266782 5.53
554 20.3080717338882 5.54
555 20.34461641381128 5.55
556 20.38116233988533 5.56
557 20.41770719203698 5.57
558 20.454251971003 5.58
559 20.49079547862301 5.59
560 20.52734010403291 5.600000000000001
561 20.5638854112828 5.61
562 20.60043152867314 5.62
563 20.63697735918098 5.63
564 20.67352307195295 5.64
565 20.71006894066583 5.65
566 20.74661491966822 5.66
567 20.78315919029079 5.67
568 20.81970569317299 5.68
569 20.85625238301233 5.69
570 20.89279866249569 5.7
571 20.92934485866208 5.71
572 20.96589165340659 5.72
573 21.00243851136828 5.73
574 21.03898602298239 5.74
575 21.07553101722776 5.75
576 21.1120791690081 5.76
577 21.14862517097409 5.77
578 21.18517135601753 5.78
579 21.22171744198479 5.79
580 21.25826256855671 5.8
581 21.29480760880983 5.81
582 21.33135297783019 5.82
583 21.36789833138614 5.83
584 21.40444498651351 5.84
585 21.44099051768345 5.850000000000001
586 21.47753659765856 5.86
587 21.51408538891821 5.87
588 21.55063097156615 5.88
589 21.58717629502764 5.89
590 21.62372176068457 5.9
591 21.66026743778779 5.91
592 21.69681290006686 5.92
593 21.73335837411333 5.93
594 21.76990267522593 5.94
595 21.80644800487942 5.95
596 21.84299279357705 5.96
597 21.87953813193443 5.97
598 21.91608339586409 5.98
599 21.95262983050134 5.99
600 21.9891773285912 6
601 22.02572379773354 6.01
602 22.06226922749105 6.02
603 22.0988139445998 6.03
604 22.1353623749272 6.04
605 22.17190674618304 6.05
606 22.20845072819489 6.06
607 22.24499479585077 6.07
608 22.28153967456417 6.08
609 22.31808601101179 6.09
610 22.35463127150783 6.100000000000001
611 22.3911782420348 6.11
612 22.42772482371635 6.12
613 22.46427287404294 6.13
614 22.50082621064763 6.140000000000001
615 22.53737382154117 6.15
616 22.57392283704342 6.16
617 22.61047434281407 6.17
618 22.64702497178883 6.18
619 22.68358260257877 6.19
620 22.72013224342873 6.2
621 22.75669646845714 6.21
622 22.79325066309764 6.22
623 22.82979653887914 6.23
624 22.86634240013371 6.24
625 22.90288753909844 6.25
626 22.9394340453683 6.26
627 22.97598010079857 6.27
628 23.01252715913353 6.28
629 23.049073045831 6.29
630 23.08561989769422 6.3
631 23.12216738729665 6.31
632 23.15871491439343 6.32
633 23.19526197203668 6.33
634 23.23180870847298 6.34
635 23.26835552440481 6.350000000000001
636 23.30490195458277 6.36
637 23.34144823279817 6.37
638 23.37799475716781 6.38
639 23.41454115372278 6.390000000000001
640 23.45108731721415 6.4
641 23.48763528471886 6.41
642 23.5241824887982 6.42
643 23.56073059104698 6.43
644 23.59728012102693 6.44
645 23.6338289048668 6.45
646 23.67037786383727 6.46
647 23.70692503303362 6.47
648 23.74347244450019 6.48
649 23.78001952698365 6.49
650 23.81656662671542 6.5
651 23.85311365890638 6.51
652 23.88965906921632 6.52
653 23.92620521705224 6.53
654 23.96275334837622 6.54
655 23.99929930957676 6.55
656 24.03584633105197 6.56
657 24.07239325005261 6.57
658 24.10894027572769 6.58
659 24.14548464190869 6.59
660 24.18203133813584 6.600000000000001
661 24.21857709440317 6.61
662 24.2551226612422 6.62
663 24.29166927322428 6.63
664 24.32821569720205 6.640000000000001
665 24.36476187275685 6.65
666 24.40130912766562 6.66
667 24.43785745949948 6.67
668 24.47440571956323 6.68
669 24.51095438021481 6.69
670 24.54750210991537 6.7
671 24.58405114786952 6.71
672 24.6206010774436 6.72
673 24.65715228972109 6.73
674 24.69370078258074 6.74
675 24.73024850483554 6.75
676 24.76680177008865 6.76
677 24.80336060411087 6.77
678 24.83991188238871 6.78
679 24.87646351169968 6.79
680 24.91301602563537 6.8
681 24.94956746721104 6.81
682 24.98612011941151 6.82
683 25.02267483965112 6.83
684 25.05922587028181 6.84
685 25.09577609397858 6.850000000000001
686 25.13232635370924 6.86
687 25.16887850597895 6.87
688 25.20542792707375 6.88
689 25.24197494803128 6.890000000000001
690 25.27852297904894 6.9
691 25.31506920516457 6.91
692 25.35161678458795 6.92
693 25.388164009151 6.93
694 25.42471105757241 6.94
695 25.46125925087298 6.95
696 25.49780682935965 6.96
697 25.53435600651271 6.97
698 25.57090302396459 6.98
699 25.60745365246748 6.99
700 25.64400874587085 7
701 25.68055738609768 7.01
702 25.71710515989139 7.02
703 25.75365235689445 7.03
704 25.79020130615476 7.04
705 25.82674958195731 7.05
706 25.86329804466344 7.06
707 25.89984740438557 7.07
708 25.93639530883534 7.08
709 25.97294351813936 7.09
710 26.00949058736485 7.100000000000001
711 26.0460389174277 7.11
712 26.08258691440954 7.12
713 26.11913471782696 7.13
714 26.1556824675713 7.140000000000001
715 26.19223066520809 7.15
716 26.22877906210431 7.16
717 26.2653279965277 7.17
718 26.30187815775282 7.18
719 26.3384285356495 7.19
720 26.37497999857873 7.2
721 26.41153090893939 7.21
722 26.44808253790868 7.22
723 26.48463390350251 7.23
724 26.52118270978051 7.24
725 26.55773145387056 7.25
726 26.59428079064983 7.26
727 26.63083071814723 7.27
728 26.66737983490083 7.28
729 26.70392905913174 7.29
730 26.74047883957356 7.3
731 26.7770288085874 7.31
732 26.81357820771859 7.32
733 26.8501282572596 7.33
734 26.88667926821601 7.34
735 26.9232296213437 7.350000000000001
736 26.95977946720676 7.36
737 26.99633032836987 7.37
738 27.03287917932158 7.38
739 27.06942882349638 7.390000000000001
740 27.10597922295673 7.4
741 27.14252820432451 7.41
742 27.17907797946511 7.42
743 27.21562825728692 7.43
744 27.25217865445445 7.44
745 27.28872919799274 7.45
746 27.32527871959454 7.46
747 27.36182792119187 7.47
748 27.39837668763852 7.48
749 27.4349251335318 7.49
750 27.47147322743933 7.5
751 27.50802270709767 7.51
752 27.54457208445252 7.52
753 27.5811216787408 7.53
754 27.61767392278931 7.54
755 27.65422187221317 7.55
756 27.69077057897929 7.56
757 27.72731999425699 7.57
758 27.76387042603425 7.58
759 27.80042151861238 7.59
760 27.83697270350542 7.600000000000001
761 27.87352459538077 7.61
762 27.91007507442909 7.62
763 27.94662588229537 7.63
764 27.98317679443116 7.640000000000001
765 28.01972780937633 7.65
766 28.0562798168059 7.66
767 28.09283227579103 7.67
768 28.12938353347307 7.68
769 28.16593447516016 7.69
770 28.20248525605322 7.7
771 28.23903655840743 7.71
772 28.275587913945 7.72
773 28.31213895944728 7.73
774 28.3486901864121 7.74
775 28.38524166597899 7.75
776 28.42179274626479 7.76
777 28.4583441576062 7.77
778 28.49489586660549 7.78
779 28.53144663647553 7.79
780 28.56799769660286 7.8
781 28.60454892182441 7.81
782 28.64110077428055 7.82
783 28.6776524538898 7.83
784 28.71420430487017 7.84
785 28.75075636656979 7.850000000000001
786 28.78730840129958 7.86
787 28.82385901778746 7.87
788 28.8604091922955 7.88
789 28.89696006133566 7.890000000000001
790 28.93351094312252 7.9
791 28.97006284669741 7.91
792 29.00661495124145 7.92
793 29.04316688400666 7.930000000000001
794 29.07971821340113 7.94
795 29.11627075874251 7.95
796 29.1528229619596 7.96
797 29.18937445655978 7.97
798 29.22592658442795 7.98
799 29.26247843144148 7.99
800 29.2990299209961 8
801 29.33558168092211 8.01
802 29.37213317080669 8.02
803 29.40868489001681 8.029999999999999
804 29.44523617558534 8.040000000000001
805 29.48178753003567 8.050000000000001
806 29.51833911794276 8.06
807 29.55489090803091 8.07
808 29.59144294326417 8.08
809 29.62799493493278 8.09
810 29.6645466199884 8.1
811 29.70109838214574 8.109999999999999
812 29.73765128966161 8.120000000000001
813 29.77420384549912 8.130000000000001
814 29.8107553438751 8.140000000000001
815 29.84730632007967 8.15
816 29.88385657267126 8.16
817 29.92040821825827 8.17
818 29.95695952896074 8.18
819 29.99351125782113 8.19
820 30.03006281346639 8.199999999999999
821 30.0666138477276 8.210000000000001
822 30.10316404032526 8.220000000000001
823 30.13971537214844 8.23
824 30.17626774738159 8.24
825 30.2128186107453 8.25
826 30.24937081474737 8.26
827 30.28592272287183 8.27
828 30.32247427257937 8.279999999999999
829 30.35902711305925 8.290000000000001
830 30.39557890497035 8.300000000000001
831 30.43213049661954 8.31
832 30.46868189070274 8.32
833 30.50523306802739 8.33
834 30.54178474056067 8.34
835 30.57833709526344 8.35
836 30.61488889600041 8.359999999999999
837 30.65144032783185 8.370000000000001
838 30.68799162910035 8.380000000000001
839 30.72454395937519 8.390000000000001
840 30.76109629724039 8.4
841 30.79764770092417 8.41
842 30.83419776161389 8.42
843 30.87074770877278 8.43
844 30.90729890137379 8.44
845 30.94384914265382 8.449999999999999
846 30.98039964503949 8.460000000000001
847 31.01695195594716 8.470000000000001
848 31.05350591740611 8.48
849 31.09006099817464 8.49
850 31.12661311837709 8.5
851 31.16316557256297 8.51
852 31.19971865250297 8.52
853 31.23627179253658 8.529999999999999
854 31.27282501530484 8.540000000000001
855 31.30937755441104 8.550000000000001
856 31.3459294131752 8.56
857 31.38248168038112 8.57
858 31.41903325455626 8.58
859 31.4555848441409 8.59
860 31.49213718611599 8.6
861 31.52868894381827 8.609999999999999
862 31.56524103453568 8.620000000000001
863 31.60179328814426 8.630000000000001
864 31.63834528568572 8.640000000000001
865 31.67489784107445 8.65
866 31.71145028582778 8.66
867 31.74800331850178 8.67
868 31.78455580832512 8.68
869 31.82110820681686 8.69
870 31.85766083406844 8.700000000000001
871 31.89421346381987 8.710000000000001
872 31.93076656638552 8.720000000000001
873 31.96732016953165 8.73
874 32.00387314053504 8.74
875 32.04042597208042 8.75
876 32.07697867130609 8.76
877 32.11353150061056 8.77
878 32.15008295060381 8.779999999999999
879 32.18663693371025 8.790000000000001
880 32.22319017849234 8.800000000000001
881 32.25974303928918 8.81
882 32.29628466049779 8.82
883 32.33283799251525 8.83
884 32.36938996533577 8.84
885 32.40594180490662 8.85
886 32.44249188250529 8.859999999999999
887 32.4790399630452 8.870000000000001
888 32.51558645454725 8.880000000000001
889 32.55213194203815 8.890000000000001
890 32.58867644293103 8.9
891 32.6252194401165 8.91
892 32.6617710147321 8.92
893 32.69831881092967 8.93
894 32.73486411471255 8.94
895 32.77141435786702 8.950000000000001
896 32.80796733223598 8.960000000000001
897 32.84452146491522 8.970000000000001
898 32.88107531802947 8.98
899 32.91762851036027 8.99
900 32.95418230714651 9
901 32.99073072195773 9.01
902 33.02727983280023 9.02
903 33.06383066587362 9.029999999999999
904 33.10038044208679 9.040000000000001
905 33.13692871341394 9.050000000000001
906 33.17347919880196 9.06
907 33.21003040161875 9.07
908 33.24658231842507 9.08
909 33.28312436195632 9.09
910 33.31967965481468 9.1
911 33.35623598428111 9.109999999999999
912 33.39279051942307 9.120000000000001
913 33.42934449348244 9.130000000000001
914 33.46589748953925 9.140000000000001
915 33.5024509686836 9.15
916 33.53900497500345 9.16
917 33.57555920153185 9.17
918 33.61211318228184 9.18
919 33.64866767311689 9.19
920 33.68522120207038 9.200000000000001
921 33.72177526078716 9.210000000000001
922 33.7583292378171 9.220000000000001
923 33.79488366887859 9.23
924 33.83143850383109 9.24
925 33.86799107577297 9.25
926 33.90454491727533 9.26
927 33.94109967274221 9.27
928 33.97765519541372 9.279999999999999
929 34.01421136050762 9.290000000000001
930 34.05076705064779 9.300000000000001
931 34.08732173096017 9.31
932 34.12387688416381 9.32
933 34.16043196283373 9.33
934 34.19698661967276 9.34
935 34.233541021534 9.35
936 34.27009659895197 9.359999999999999
937 34.30665190395794 9.370000000000001
938 34.34320693338629 9.380000000000001
939 34.3797610267499 9.390000000000001
940 34.41631603538612 9.4
941 34.45287122652221 9.41
942 34.48942581818204 9.42
943 34.52598056133084 9.43
944 34.56253509967015 9.44
945 34.59909002291573 9.450000000000001
946 34.63564366738279 9.460000000000001
947 34.67219845061422 9.470000000000001
948 34.70875222887892 9.48
949 34.74530484960958 9.49
950 34.78185513370465 9.5
951 34.81840874355863 9.51
952 34.85496224681152 9.52
953 34.89151669070633 9.529999999999999
954 34.92807135498371 9.540000000000001
955 34.96462675339597 9.550000000000001
956 35.00118146761128 9.56
957 35.03773686436652 9.57
958 35.07429342554062 9.58
959 35.11085043667913 9.59
960 35.14740705891514 9.6
961 35.18396323155952 9.609999999999999
962 35.22051798118111 9.620000000000001
963 35.25707362625227 9.630000000000001
964 35.29362910299817 9.640000000000001
965 35.33018479004173 9.65
966 35.36674009385502 9.66
967 35.40329475843097 9.67
968 35.43984887054439 9.68
969 35.47640264611741 9.69
970 35.51295797344008 9.700000000000001
971 35.54951230515574 9.710000000000001
972 35.5860667586311 9.720000000000001
973 35.62262079524237 9.73
974 35.65917297800463 9.74
975 35.69572635652165 9.75
976 35.73228071498578 9.76
977 35.76883502544639 9.77
978 35.80538964423204 9.779999999999999
979 35.84194384520674 9.790000000000001
980 35.87849831861652 9.800000000000001
981 35.91505402510626 9.81
982 35.95161031322021 9.82
983 35.98816660898096 9.83
984 36.02472274915981 9.84
985 36.06127841926126 9.85
986 36.09783401914862 9.859999999999999
987 36.13439154137075 9.870000000000001
988 36.1709486118457 9.880000000000001
989 36.20750684731648 9.890000000000001
990 36.24406443966132 9.9
991 36.28062048181921 9.91
992 36.31717865383447 9.92
993 36.35373355949118 9.93
994 36.39028854560971 9.94
995 36.42684376236045 9.950000000000001
996 36.46339798009947 9.960000000000001
997 36.4999528004024 9.970000000000001
998 36.5365082536196 9.98
999 36.57306363056963 9.99
1000 36.6096176415589 10
1001 36.64617275238945 10.01
1002 36.68272719019741 10.02
1003 36.71928146542463 10.03
1004 36.7558356559266 10.04
1005 36.79238967829833 10.05
1006 36.82894405836606 10.06
1007 36.86550019884591 10.07
1008 36.90205505780084 10.08
1009 36.93861213803003 10.09
1010 36.97516767452812 10.1
1011 37.01172209972216 10.11
1012 37.04827666022423 10.12
1013 37.08483103173418 10.13
1014 37.12138460675007 10.14
1015 37.15793829002538 10.15
1016 37.19449259732021 10.16
1017 37.23104629702857 10.17
1018 37.26760284084803 10.18
1019 37.30416041637858 10.19
1020 37.34071724700359 10.2
1021 37.37727363766865 10.21
1022 37.41382959186209 10.22
1023 37.45038551667125 10.23
1024 37.48694139996942 10.24
1025 37.52349668961472 10.25
1026 37.56005274382821 10.26
1027 37.5966101555119 10.27
1028 37.6331645089227 10.28
1029 37.66971718087375 10.29
1030 37.70626967105832 10.3
1031 37.74281891192533 10.31
1032 37.77937140325778 10.32
1033 37.81592151806215 10.33
1034 37.85247450388116 10.34
1035 37.88902704857406 10.35
1036 37.92557965876728 10.36
1037 37.96213272390986 10.37
1038 37.9986866152761 10.38
1039 38.03524071127209 10.39
1040 38.0717954938922 10.4
1041 38.1083468910736 10.41
1042 38.14490011910603 10.42
1043 38.18145322319021 10.43
1044 38.21800695678213 10.44
1045 38.25455986583356 10.45
1046 38.29111656775821 10.46
1047 38.32767475460913 10.47
1048 38.36423095147123 10.48
1049 38.40078830294873 10.49
1050 38.43734625215274 10.5
1051 38.47390403162314 10.51
1052 38.51046108946523 10.52
1053 38.54701876227599 10.53
1054 38.58357819396015 10.54
1055 38.62013815975298 10.55
1056 38.65669455136497 10.56
1057 38.69325205797348 10.57
1058 38.72980880641501 10.58
1059 38.76636466909276 10.59
1060 38.80292159647612 10.6
1061 38.83947843119178 10.61
1062 38.87603473728799 10.62
1063 38.91259102850609 10.63
1064 38.94914794231808 10.64
1065 38.98570429797223 10.65
1066 39.0222600003252 10.66
1067 39.05881348306139 10.67
1068 39.09536832650699 10.68
1069 39.13192417073185 10.69
1070 39.1684798059545 10.7
1071 39.20503613859668 10.71
1072 39.24159752788989 10.72
1073 39.27815269292373 10.73
1074 39.31470917538796 10.74
1075 39.35126535155844 10.75
1076 39.38782200886413 10.76
1077 39.42437898605332 10.77
1078 39.46093697909226 10.78
1079 39.49749460116456 10.79
1080 39.53405248425699 10.8
1081 39.57061028319215 10.81
1082 39.60716805692725 10.82
1083 39.64372490873819 10.83
1084 39.68028198366481 10.84
1085 39.71683872973147 10.85
1086 39.75339549909405 10.86
1087 39.789952105925 10.87
1088 39.82650847049029 10.88
1089 39.86306396380552 10.89
1090 39.89962017864765 10.9
1091 39.9361756743352 10.91
1092 39.97273174044157 10.92
1093 40.00928819734071 10.93
1094 40.04584304123544 10.94
1095 40.08239713597975 10.95
1096 40.11895389152575 10.96
1097 40.15551090345608 10.97
1098 40.19206890255059 10.98
1099 40.22862445652683 10.99
1100 40.26518141481215 11
1101 40.30173819208308 11.01
1102 40.33829454915133 11.02
1103 40.37485119923369 11.03
1104 40.41140663178016 11.04
1105 40.44796259989685 11.05
1106 40.4845164735341 11.06
1107 40.52107483679758 11.07
1108 40.55763236716839 11.08
1109 40.59418921563953 11.09
1110 40.63074646863086 11.1
1111 40.66730252994029 11.11
1112 40.70385866925682 11.12
1113 40.74041573262772 11.13
1114 40.77697546954569 11.14
1115 40.8135329088969 11.15
1116 40.8500924039155 11.16
1117 40.88664891154794 11.17
1118 40.92320621204109 11.18
1119 40.95976384334455 11.19
1120 40.9963211476899 11.2
1121 41.03287859588946 11.21
1122 41.06943428944261 11.22
1123 41.10598805028817 11.23
1124 41.14254284201965 11.24
1125 41.17909793765112 11.25
1126 41.21565476761297 11.26
1127 41.2522108688145 11.27
1128 41.28876520746646 11.28
1129 41.32532105311367 11.29
1130 41.36187461195081 11.3
1131 41.3984278247508 11.31
1132 41.43498298099084 11.32
1133 41.47153845473615 11.33
1134 41.50809376178138 11.34
1135 41.54465300692641 11.35
1136 41.58121071537099 11.36
1137 41.61777840592823 11.37
1138 41.65433239519115 11.38
1139 41.69089548421309 11.39
1140 41.72744930136381 11.4
1141 41.7640049880362 11.41
1142 41.80056020992794 11.42
1143 41.83711626291502 11.43
1144 41.87367324863715 11.44
1145 41.91023212111099 11.45
1146 41.94678979419437 11.46
1147 41.98334678058733 11.47
1148 42.0199028684593 11.48
1149 42.05645839066194 11.49
1150 42.09301526024755 11.5
1151 42.12957035882406 11.51
1152 42.16612735913864 11.52
1153 42.20268213614769 11.53
1154 42.23923693361658 11.54
1155 42.27579240601475 11.55
1156 42.31235116010645 11.56
1157 42.34890917772653 11.57
1158 42.38547420644142 11.58
1159 42.42203036486107 11.59
1160 42.45858542151685 11.6
1161 42.49513974090092 11.61
1162 42.5316913840919 11.62
1163 42.56824464597419 11.63
1164 42.60479979528638 11.64
1165 42.64135569276242 11.65
1166 42.67791017453937 11.66
1167 42.71446427069602 11.67
1168 42.75101814359295 11.68
1169 42.78757257232347 11.69
1170 42.82412743584395 11.7
1171 42.86068232941499 11.71
1172 42.89723845356089 11.72
1173 42.93379557589474 11.73
1174 42.97035271700688 11.74
1175 43.00690993694992 11.75
1176 43.04346950611925 11.76
1177 43.08002590655585 11.77
1178 43.11658350709292 11.78
1179 43.15314137468209 11.79
1180 43.18969652213669 11.8
1181 43.22625562317326 11.81
1182 43.26280955573254 11.82
1183 43.29936361634533 11.83
1184 43.33591924914109 11.84
1185 43.3724828300962 11.85
1186 43.40904398681575 11.86
1187 43.44560219665308 11.87
1188 43.48216724533201 11.88
1189 43.51872706377296 11.89
1190 43.55528546736981 11.9
1191 43.59184291950238 11.91
1192 43.62840068085287 11.92
1193 43.66495527887116 11.93
1194 43.70150822666434 11.94
1195 43.73805816018074 11.95
1196 43.7746156646268 11.96
1197 43.81117291684482 11.97
1198 43.84773148068369 11.98
1199 43.88428720115484 11.99
1200 43.92084282717065 12
1201 43.95739794996985 12.01
1202 43.99395364974954 12.02
1203 44.03050720744734 12.03
1204 44.06706648846062 12.04
1205 44.10362355211824 12.05
1206 44.14017791127487 12.06
1207 44.17673310088558 12.07
1208 44.21328869748703 12.08
1209 44.24984441727593 12.09
1210 44.28640019316803 12.1
1211 44.32295630833874 12.11
1212 44.35951309519077 12.12
1213 44.39606982418369 12.13
1214 44.43262632388917 12.14
1215 44.46918278286438 12.15
1216 44.50573991481235 12.16
1217 44.54229737608787 12.17
1218 44.57885107264761 12.18
1219 44.61541092044239 12.19
1220 44.65197137240283 12.2
1221 44.68853226701601 12.21
1222 44.72509337514872 12.22
1223 44.76165285986585 12.23
1224 44.79821229127059 12.24
1225 44.83477064535229 12.25
1226 44.8713292506128 12.26
1227 44.90788945142417 12.27
1228 44.94444722479648 12.28
1229 44.9810010353394 12.29
1230 45.01755643164896 12.3
1231 45.05411206152937 12.31
1232 45.09066790765663 12.32
1233 45.12722428579146 12.33
1234 45.16377913865556 12.34
1235 45.20033362831384 12.35
1236 45.23688851892689 12.36
1237 45.27344306482112 12.37
1238 45.30999606642187 12.38
1239 45.3465468529113 12.39
1240 45.38309900673777 12.4
1241 45.41965891767569 12.41
1242 45.45621273218214 12.42
1243 45.4927654621269 12.43
1244 45.5293163804106 12.44
1245 45.56586945151975 12.45
1246 45.6024231675834 12.46
1247 45.63897639843952 12.47
1248 45.67553055605463 12.48
1249 45.71208462846614 12.49
1250 45.7486410629707 12.5
1251 45.78519904583007 12.51
1252 45.82177023496767 12.52
1253 45.8583302631414 12.53
1254 45.89489075103581 12.54
1255 45.93145088825853 12.55
1256 45.96801011028073 12.56
1257 46.00456856299704 12.57
1258 46.04112508151484 12.58
1259 46.07768140923285 12.59
1260 46.11423587110423 12.6
1261 46.15079222528646 12.61
1262 46.18734833977412 12.62
1263 46.22390411457026 12.63
1264 46.26046203352944 12.64
1265 46.29701836763483 12.65
1266 46.33357512111316 12.66
1267 46.37013130188755 12.67
1268 46.40668783051261 12.68
1269 46.44324187826268 12.69
1270 46.47979552707468 12.7
1271 46.51635091939959 12.71
1272 46.55290367665828 12.72
1273 46.58945678809944 12.73
1274 46.62601371146459 12.74
1275 46.66256713269432 12.75
1276 46.69912180961725 12.76
1277 46.73567567063975 12.77
1278 46.77222871263874 12.78
1279 46.80878282483895 12.79
1280 46.84533709890901 12.8
1281 46.88189054468459 12.81
1282 46.91844401886469 12.82
1283 46.95500123957415 12.83
1284 46.99155932482592 12.84
1285 47.02812025221121 12.85
1286 47.06468169078452 12.86
1287 47.10124264234116 12.87
1288 47.13780340229538 12.88
1289 47.17436317087897 12.89
1290 47.2109210165789 12.9
1291 47.24747839616588 12.91
1292 47.28403610574868 12.92
1293 47.32059309425958 12.93
1294 47.35714973095559 12.94
1295 47.39370630450556 12.95
1296 47.43026352905891 12.96
1297 47.46682086779764 12.97
1298 47.50337701608029 12.98
1299 47.5399346636387 12.99
1300 47.57649174397073 13
1301 47.6130465742637 13.01
1302 47.64960347626626 13.02
1303 47.68615885612503 13.03
1304 47.72271348224846 13.04
1305 47.7592680314082 13.05
1306 47.79582216696658 13.06
1307 47.83237646908854 13.07
1308 47.8689321988279 13.08
1309 47.90548731864056 13.09
1310 47.94204274062001 13.1
1311 47.97859732890529 13.11
1312 48.01515352800484 13.12
1313 48.05171037099552 13.13
1314 48.08826667679038 13.14
1315 48.12482243699274 13.15
1316 48.16138259528898 13.16
1317 48.19794270375708 13.17
1318 48.23450073326898 13.18
1319 48.27105992777431 13.19
1320 48.30761870402831 13.2
1321 48.34417531016471 13.21
1322 48.38073247695175 13.22
1323 48.4172876058315 13.23
1324 48.45384366420385 13.24
1325 48.4903974220519 13.25
1326 48.52695407720433 13.26
1327 48.56350958371996 13.27
1328 48.60006741538145 13.28
1329 48.63662971567235 13.29
1330 48.67318807663477 13.3
1331 48.70974417191261 13.31
1332 48.7463016085926 13.32
1333 48.78285744600693 13.33
1334 48.81941298415389 13.34
1335 48.85596777925115 13.35
1336 48.8925225669458 13.36
1337 48.92907707547838 13.37
1338 48.96563080496976 13.38
1339 49.00218745562206 13.39
1340 49.03874170617793 13.4
1341 49.07529682242823 13.41
1342 49.11185275550245 13.42
1343 49.14840799344595 13.43
1344 49.18494761357014 13.44
1345 49.22150739081044 13.45
1346 49.25806350409147 13.46
1347 49.29462974690749 13.47
1348 49.33120560686702 13.48
1349 49.3677713171213 13.49
1350 49.40432571822411 13.5
1351 49.44088718681667 13.51
1352 49.47744724378318 13.52
1353 49.51400782739842 13.53
1354 49.55056029610267 13.54
1355 49.58711655526709 13.55
1356 49.62367428180153 13.56
1357 49.66023184419767 13.57
1358 49.69678792756548 13.58
1359 49.73334489804945 13.59
1360 49.76990160921566 13.6
1361 49.80645798066384 13.61
1362 49.84301494934069 13.62
1363 49.87957029785084 13.63
1364 49.91612550696595 13.64
1365 49.95267975002792 13.65
1366 49.98923413347352 13.66
1367 50.02578910346762 13.67
1368 50.0623434981295 13.68
1369 50.09889710891824 13.69
1370 50.13545090726224 13.7
1371 50.17200506449636 13.71
1372 50.20854335929872 13.72
1373 50.24509241784763 13.73
1374 50.28164740081317 13.74
1375 50.31820302898653 13.75
1376 50.35475852455154 13.76
1377 50.3913158552761 13.77
1378 50.42787193176049 13.78
1379 50.4644303912612 13.79
1380 50.50098949416046 13.8
1381 50.5375492235073 13.81
1382 50.57410725027418 13.82
1383 50.6106684140005 13.83
1384 50.64722817112708 13.84
1385 50.68378575977268 13.85
1386 50.72033909914981 13.86
1387 50.75689341545243 13.87
1388 50.7934488065242 13.88
1389 50.83000498131547 13.89
1390 50.86656981682962 13.9
1391 50.90312575419118 13.91
1392 50.93968093413108 13.92
1393 50.97623582809297 13.93
1394 51.0127885285227 13.94
1395 51.04934159880259 13.95
1396 51.08589497021191 13.96
1397 51.12244743391624 13.97
1398 51.15900290819667 13.98
1399 51.19555719063167 13.99
1400 51.23211129732059 14
1401 51.26866620887169 14.01
1402 51.30522062528707 14.02
1403 51.34177266518139 14.03
1404 51.37832653711943 14.04
1405 51.41488085875343 14.05
1406 51.45143722781651 14.06
1407 51.487993126845 14.07
1408 51.52455206090791 14.08
1409 51.56109867388555 14.09
1410 51.59765205007337 14.1
1411 51.63420879456223 14.11
1412 51.67076565079844 14.12
1413 51.70732343118722 14.13
1414 51.7438816694327 14.14
1415 51.78044043252002 14.15
1416 51.81699856929173 14.16
1417 51.85355153099484 14.17
1418 51.89010702817401 14.18
1419 51.92666322389607 14.19
1420 51.9632187521143 14.2
1421 51.99975808062144 14.21
1422 52.03631559606709 14.22
1423 52.07287097840779 14.23
1424 52.10942602325309 14.24
1425 52.14598092820985 14.25
1426 52.18253591459002 14.26
1427 52.21909095981167 14.27
1428 52.25564711989984 14.28
1429 52.29220142662784 14.29
1430 52.32875576475792 14.3
1431 52.36530987747894 14.31
1432 52.4018637958965 14.32
1433 52.43841820117824 14.33
1434 52.47497797898625 14.34
1435 52.51153196671235 14.35
1436 52.54808660015211 14.36
1437 52.58464082111229 14.37
1438 52.62119538735325 14.38
1439 52.65775053870646 14.39
1440 52.69430418803634 14.4
1441 52.7308577924875 14.41
1442 52.76741665084457 14.42
1443 52.80397278328024 14.43
1444 52.84053289296059 14.44
1445 52.87709281935219 14.45
1446 52.91365244851634 14.46
1447 52.95021044086584 14.47
1448 52.98676764221362 14.48
1449 53.02332605598882 14.49
1450 53.05988225438539 14.5
1451 53.09643887101647 14.51
1452 53.13299508946606 14.52
1453 53.16955459905037 14.53
1454 53.20611106936843 14.54
1455 53.24266778828821 14.55
1456 53.27922386342581 14.56
1457 53.31578036433364 14.57
1458 53.35233644299648 14.58
1459 53.38889175061718 14.59
1460 53.42544607477272 14.6
1461 53.46200078879188 14.61
1462 53.49855589422306 14.62
1463 53.535110241291 14.63
1464 53.57166297716854 14.64
1465 53.60822198191254 14.65
1466 53.6447760777809 14.66
1467 53.68132932490668 14.67
1468 53.71788299866333 14.68
1469 53.75443827117322 14.69
1470 53.79099348118971 14.7
1471 53.82755001294466 14.71
1472 53.86410701759688 14.72
1473 53.9006618475821 14.73
1474 53.93722117905667 14.74
1475 53.97377897870271 14.75
1476 54.01033746048864 14.76
1477 54.0468945374104 14.77
1478 54.08345026468785 14.78
1479 54.12000630327417 14.79
1480 54.15656137548736 14.8
1481 54.19311745715611 14.81
1482 54.2296745519148 14.82
1483 54.26622364182251 14.83
1484 54.30278144836064 14.84
1485 54.33933868702639 14.85
1486 54.37589622460243 14.86
1487 54.41245154561065 14.87
1488 54.44900913750778 14.88
1489 54.48556595883046 14.89
1490 54.52212241067269 14.9
1491 54.55867717060135 14.91
1492 54.5952316703609 14.92
1493 54.63178529394913 14.93
1494 54.66833950025343 14.94
1495 54.70489353604729 14.95
1496 54.74144616428917 14.96
1497 54.77800156009899 14.97
1498 54.81455627551118 14.98
1499 54.85111059612844 14.99
1500 54.88766201597495 15
1501 54.92421273461622 15.01
1502 54.96076403009534 15.02
1503 54.99732421687108 15.03
1504 55.03388387940426 15.04
1505 55.07044363585105 15.05
1506 55.10700347651695 15.06
1507 55.14356303574938 15.07
1508 55.18012103930195 15.08
1509 55.21667986702234 15.09
1510 55.25323947535567 15.1
1511 55.28979727190622 15.11
1512 55.32635395505732 15.12
1513 55.36291062113715 15.13
1514 55.39948367561108 15.14
1515 55.43603888068588 15.15
1516 55.47259333689139 15.16
1517 55.50914850016986 15.17
1518 55.54570299873395 15.18
1519 55.5822573744876 15.19
1520 55.61881206507671 15.2
1521 55.65536723963653 15.21
1522 55.69192101638741 15.22
1523 55.72847583236631 15.23
1524 55.7650310303513 15.24
1525 55.80158486729123 15.25
1526 55.83813894064072 15.26
1527 55.87469495419123 15.27
1528 55.91124874610236 15.28
1529 55.94780195935017 15.29
1530 55.98435613578365 15.3
1531 56.02091035503913 15.31
1532 56.05746306163336 15.32
1533 56.09401946136722 15.33
1534 56.13057855364069 15.34
1535 56.16714002527153 15.35
1536 56.20370015306288 15.36
1537 56.24026034221561 15.37
1538 56.27681713026582 15.38
1539 56.31337332515686 15.39
1540 56.34992682942065 15.4
1541 56.38648543671306 15.41
1542 56.42304425023379 15.42
1543 56.45960227168966 15.43
1544 56.49616058600792 15.44
1545 56.53271094314113 15.45
1546 56.56926427364444 15.46
1547 56.60582056174692 15.47
1548 56.64237811484211 15.48
1549 56.6789354939878 15.49
1550 56.71549140001537 15.5
1551 56.75204680283817 15.51
1552 56.78860028372423 15.52
1553 56.82515286979992 15.53
1554 56.86170687062848 15.54
1555 56.89826231827483 15.55
1556 56.9348169787249 15.56
1557 56.97137238024119 15.57
1558 57.00792763407972 15.58
1559 57.04448468460761 15.59
1560 57.08104204432391 15.6
1561 57.11759717183675 15.61
1562 57.15415456223695 15.62
1563 57.1907116623274 15.63
1564 57.2272717225375 15.64
1565 57.26383361446349 15.65
1566 57.3003954191598 15.66
1567 57.33695643597856 15.67
1568 57.3735119796195 15.68
1569 57.41007159871545 15.69
1570 57.44663116922639 15.7
1571 57.48318863322531 15.71
1572 57.51974784050557 15.72
1573 57.55630690293808 15.73
1574 57.59286671455796 15.74
1575 57.62942331435781 15.75
1576 57.66597973380501 15.76
1577 57.7025343077888 15.77
1578 57.7390896975804 15.78
1579 57.77564251043273 15.79
1580 57.81219811662998 15.8
1581 57.8487531595548 15.81
1582 57.88530778132354 15.82
1583 57.92186013564014 15.83
1584 57.95841467429957 15.84
1585 57.99497018216815 15.85
1586 58.03152329961346 15.86
1587 58.06807711373423 15.87
1588 58.10463155549971 15.88
1589 58.14118652453519 15.89
1590 58.17774195999559 15.9
1591 58.21429612854497 15.91
1592 58.25085017757755 15.92
1593 58.28740520034959 15.93
1594 58.32396108265839 15.94
1595 58.3605179303461 15.95
1596 58.39707626660896 15.96
1597 58.43363561580948 15.97
1598 58.47019680642646 15.98
1599 58.50675649144811 15.99
1600 58.54331469934822 16
1601 58.5798727198289 16.01
1602 58.61643224832936 16.02
1603 58.65298798468167 16.03
1604 58.68953242331833 16.04
1605 58.72609017010203 16.05
1606 58.76264511886276 16.06
1607 58.79919907422799 16.07
1608 58.83575612322636 16.08
1609 58.87231185037198 16.09
1610 58.908866416941 16.1
1611 58.94541909212026 16.11
1612 58.9819710816705 16.12
1613 59.01852375245075 16.13
1614 59.05507550732671 16.14
1615 59.09162852536552 16.15
1616 59.12818176635638 16.16
1617 59.16473753948979 16.17
1618 59.20129198109883 16.18
1619 59.2378474596495 16.19
1620 59.27440332837764 16.2
1621 59.31096113555 16.21
1622 59.34751763930041 16.22
1623 59.38407378740994 16.23
1624 59.4206333037747 16.24
1625 59.4571896271852 16.25
1626 59.49374860103376 16.26
1627 59.53030470478686 16.27
1628 59.56686024635495 16.28
1629 59.60341400439291 16.29
1630 59.63996923662679 16.3
1631 59.67652456642934 16.31
1632 59.71308106154603 16.32
1633 59.74963719805186 16.33
1634 59.78618532672346 16.34
1635 59.82274193926033 16.35
1636 59.85929757851308 16.36
1637 59.89585326754097 16.37
1638 59.93240879914892 16.38
1639 59.96896398310244 16.39
1640 60.00551996402969 16.4
1641 60.04207538335395 16.41
1642 60.07863048412003 16.42
1643 60.11518586228537 16.43
1644 60.15174182393996 16.44
1645 60.18829735918175 16.45
1646 60.22485401036637 16.46
1647 60.26140992320691 16.47
1648 60.2979671941282 16.48
1649 60.33452506807701 16.49
1650 60.3710819697557 16.5
1651 60.4076387339138 16.51
1652 60.44419580726802 16.52
1653 60.48075146574555 16.53
1654 60.51731065187337 16.54
1655 60.55386766846379 16.55
1656 60.59042648115909 16.56
1657 60.62698273126689 16.57
1658 60.66354184580079 16.58
1659 60.70010077306569 16.59
1660 60.73665904633611 16.6
1661 60.77321614417211 16.61
1662 60.80977228236663 16.62
1663 60.8463304129327 16.63
1664 60.88289754912649 16.64
1665 60.91945572491257 16.65
1666 60.95600719914462 16.66
1667 60.99256089710011 16.67
1668 61.02911889673831 16.68
1669 61.06566906739261 16.69
1670 61.10222553536593 16.7
1671 61.13878038775339 16.71
1672 61.17533359199781 16.72
1673 61.21188915493479 16.73
1674 61.24844554840328 16.74
1675 61.28500126598873 16.75
1676 61.32155795361237 16.76
1677 61.35811460619674 16.77
1678 61.39467073630112 16.78
1679 61.4312277043839 16.79
1680 61.46778478792878 16.8
1681 61.5043422361631 16.81
1682 61.54090125399128 16.82
1683 61.57745784342711 16.83
1684 61.61401345022482 16.84
1685 61.65057009156598 16.85
1686 61.68712537977181 16.86
1687 61.72368309859772 16.87
1688 61.7602383964179 16.88
1689 61.79679394161813 16.89
1690 61.8333513827537 16.9
1691 61.86990775246863 16.91
1692 61.90646532439884 16.92
1693 61.94302153519068 16.93
1694 61.9795753958237 16.94
1695 62.01613011202837 16.95
1696 62.05268493739601 16.96
1697 62.08923686273965 16.97
1698 62.12579284930155 16.98
1699 62.16234977419047 16.99
1700 62.1989087579266 17
1701 62.23546513244345 17.01
1702 62.2720202934173 17.02
1703 62.30857537807228 17.03
1704 62.3451302502792 17.04
1705 62.38168561774011 17.05
1706 62.41824128242808 17.06
1707 62.45479747434317 17.07
1708 62.4913540418007 17.08
1709 62.52791019586902 17.09
1710 62.56446636428176 17.1
1711 62.60102403117511 17.11
1712 62.63758150635761 17.12
1713 62.67413894788836 17.13
1714 62.71069825687722 17.14
1715 62.74725802823946 17.15
1716 62.7838187360549 17.16
1717 62.82037665216069 17.17
1718 62.85693269335216 17.18
1719 62.89348843369967 17.19
1720 62.93004317116979 17.2
1721 62.96660022311916 17.21
1722 63.00315614188941 17.22
1723 63.03971054280025 17.23
1724 63.07627637329332 17.24
1725 63.1128331924678 17.25
1726 63.14939095575648 17.26
1727 63.18594719659532 17.27
1728 63.22250513361688 17.28
1729 63.25906075795197 17.29
1730 63.29561717101816 17.3
1731 63.33217328037703 17.31
1732 63.36872927382902 17.32
1733 63.40528879399348 17.33
1734 63.44184390689298 17.34
1735 63.4783989312358 17.35
1736 63.51495378782691 17.36
1737 63.55150893637344 17.37
1738 63.58806414956535 17.38
1739 63.6246191726861 17.39
1740 63.66117614509436 17.4
1741 63.69773187236297 17.41
1742 63.73428773909027 17.42
1743 63.77084240340883 17.43
1744 63.80739935053541 17.44
1745 63.8439535262721 17.45
1746 63.88051311324316 17.46
1747 63.91706339924876 17.47
1748 63.95362189932815 17.48
1749 63.99017635621307 17.49
1750 64.02673209368754 17.5
1751 64.06329029786136 17.51
1752 64.09984773324689 17.52
1753 64.13640743029318 17.53
1754 64.17296975071872 17.54
1755 64.20952581726483 17.55
1756 64.24608141698459 17.56
1757 64.28263800155356 17.57
1758 64.31919461815788 17.58
1759 64.35575231260162 17.59
1760 64.39230819230585 17.6
1761 64.42886302127108 17.61
1762 64.46541785015515 17.62
1763 64.50197376624931 17.63
1764 64.53853006051463 17.64
1765 64.57508490354559 17.65
1766 64.6116398543428 17.66
1767 64.64819442238959 17.67
1768 64.68474863622708 17.68
1769 64.72130339030316 17.69
1770 64.75785797428675 17.7
1771 64.79441422989652 17.71
1772 64.83096961919577 17.72
1773 64.86752557970811 17.73
1774 64.90408622415235 17.74
1775 64.94064275928623 17.75
1776 64.97719446498391 17.76
1777 65.0137528603946 17.77
1778 65.05031049870412 17.78
1779 65.08686840658646 17.79
1780 65.1234278377091 17.8
1781 65.15998580669307 17.81
1782 65.19654781241547 17.82
1783 65.23310664017519 17.83
1784 65.26966454197949 17.84
1785 65.30621927923347 17.85
1786 65.34277447545529 17.86
1787 65.37933217423023 17.87
1788 65.41588839236999 17.88
1789 65.45244406207871 17.89
1790 65.48900020790698 17.9
1791 65.52555573550887 17.91
1792 65.56211037557654 17.92
1793 65.59866591321813 17.93
1794 65.63522237045633 17.94
1795 65.67177779428562 17.95
1796 65.70833312975559 17.96
1797 65.7448886093344 17.97
1798 65.78144549393237 17.98
1799 65.81800538137205 17.99
1800 65.85456079336504 18
1801 65.89111648824299 18.01
1802 65.92767294106474 18.02
1803 65.96423208039465 18.03
1804 66.00079115694371 18.04
1805 66.03734840462921 18.05
1806 66.07390080791264 18.06
1807 66.11046268988528 18.07
1808 66.14703085410083 18.08
1809 66.18359403543354 18.09
1810 66.2201572580074 18.1
1811 66.25671717537857 18.11
1812 66.29327497122613 18.12
1813 66.32983946686167 18.13
1814 66.36639508853546 18.14
1815 66.40295004935146 18.15
1816 66.43950484384575 18.16
1817 66.47606146210691 18.17
1818 66.51261583497583 18.18
1819 66.54917103064557 18.19
1820 66.58572513617889 18.2
1821 66.62227931297531 18.21
1822 66.65883367775055 18.22
1823 66.69538778335458 18.23
1824 66.73194351282177 18.24
1825 66.76849892559713 18.25
1826 66.80505394546395 18.26
1827 66.84160879390302 18.27
1828 66.87816398236176 18.28
1829 66.91471795086494 18.29
1830 66.95127614372466 18.3
1831 66.98783283209346 18.31
1832 67.02439048625851 18.32
1833 67.06095090114681 18.33
1834 67.09750674336863 18.34
1835 67.13406237762239 18.35
1836 67.1706227027631 18.36
1837 67.20718494365444 18.37
1838 67.24374507817768 18.38
1839 67.28030340052339 18.39
1840 67.31686044947276 18.4
1841 67.35341851715972 18.41
1842 67.38997663632102 18.42
1843 67.42653378640291 18.43
1844 67.46308900709771 18.44
1845 67.49964521128089 18.45
1846 67.53620153001198 18.46
1847 67.57275627814872 18.47
1848 67.60931168859071 18.48
1849 67.64586481094716 18.49
1850 67.68241936940423 18.5
1851 67.71897298335789 18.51
1852 67.75552643875288 18.52
1853 67.79208294789858 18.53
1854 67.82864038193262 18.54
1855 67.86519557335659 18.55
1856 67.9017521574782 18.56
1857 67.93830798866529 18.57
1858 67.97486432962648 18.58
1859 68.01141863086583 18.59
1860 68.04797628917665 18.6
1861 68.08453311459826 18.61
1862 68.12108982837123 18.62
1863 68.15764572685174 18.63
1864 68.19420505580587 18.64
1865 68.23076284195768 18.65
1866 68.26732041976827 18.66
1867 68.30388455492192 18.67
1868 68.34044757601887 18.68
1869 68.37700685284342 18.69
1870 68.41356476176072 18.7
1871 68.45012276313872 18.71
1872 68.48668215983861 18.72
1873 68.52323942799671 18.73
1874 68.55979559289101 18.74
1875 68.59635144015726 18.75
1876 68.63290673816044 18.76
1877 68.66945568394641 18.77
1878 68.70601011428117 18.78
1879 68.74256380164036 18.79
1880 68.77911286404513 18.8
1881 68.8156662328765 18.81
1882 68.85222113543074 18.82
1883 68.88877450225935 18.83
1884 68.9253314984926 18.84
1885 68.96189000052694 18.85
1886 68.99844780295857 18.86
1887 69.03500535449429 18.87
1888 69.07156265920717 18.88
1889 69.10812100763953 18.89
1890 69.14467828295724 18.9
1891 69.18123374546354 18.91
1892 69.21779094547944 18.92
1893 69.25435422354249 18.93
1894 69.29091270831313 18.94
1895 69.32747020517256 18.95
1896 69.3640292658245 18.96
1897 69.40058777549532 18.97
1898 69.43714545262199 18.98
1899 69.47370357393046 18.99
1900 69.51026088143911 19
1901 69.54681728201767 19.01
1902 69.583374137901 19.02
1903 69.61993179742198 19.03
1904 69.65648828619294 19.04
1905 69.69304279928086 19.05
1906 69.7295969880621 19.06
1907 69.76615004655595 19.07
1908 69.80270549330542 19.08
1909 69.83925938684371 19.09
1910 69.87581267890295 19.1
1911 69.91236698582325 19.11
1912 69.94892206811976 19.12
1913 69.98547896245589 19.13
1914 70.02203479819045 19.14
1915 70.05859043769848 19.15
1916 70.09514559700625 19.16
1917 70.13170260768717 19.17
1918 70.16825886483153 19.18
1919 70.20481395016699 19.19
1920 70.24136923298661 19.2
1921 70.27792515171153 19.21
1922 70.31448209856822 19.22
1923 70.35104043150416 19.23
1924 70.38759771758053 19.24
1925 70.42415760361673 19.25
1926 70.4607176596233 19.26
1927 70.49727704391731 19.27
1928 70.53383601609181 19.28
1929 70.57039489340524 19.29
1930 70.60695260714158 19.3
1931 70.64350697992381 19.31
1932 70.68006052029784 19.32
1933 70.71661728405982 19.33
1934 70.75317289329024 19.34
1935 70.78972666502307 19.35
1936 70.8262786345846 19.36
1937 70.86283375885955 19.37
1938 70.89938901009371 19.38
1939 70.93594497858804 19.39
1940 70.97249944802493 19.4
1941 71.00905446287007 19.41
1942 71.04560909628847 19.42
1943 71.08216455237032 19.43
1944 71.1187185098408 19.44
1945 71.15527440110129 19.45
1946 71.19182995618877 19.46
1947 71.22838607118564 19.47
1948 71.26493967630599 19.48
1949 71.3014954155712 19.49
1950 71.33804962214997 19.5
1951 71.37460427396078 19.51
1952 71.4111636807668 19.52
1953 71.44772101932489 19.53
1954 71.48427880742848 19.54
1955 71.5208368185576 19.55
1956 71.55739639517859 19.56
1957 71.59395516654256 19.57
1958 71.63051245830836 19.58
1959 71.66707003668222 19.59
1960 71.7036243755098 19.6
1961 71.74017799069257 19.61
1962 71.77673343067863 19.62
1963 71.81328855491236 19.63
1964 71.8498442626004 19.64
1965 71.88639824130301 19.65
1966 71.92294893347606 19.66
1967 71.95950173391249 19.67
1968 71.99605527486301 19.68
1969 72.03260828178514 19.69
1970 72.06916159444506 19.7
1971 72.10571489178272 19.71
1972 72.14227030833923 19.72
1973 72.17882642952347 19.73
1974 72.21538207800549 19.74
1975 72.25193832805832 19.75
1976 72.28849459905892 19.76
1977 72.32504976516785 19.77
1978 72.36160457707653 19.78
1979 72.39815988648635 19.79
1980 72.43471493646852 19.8
1981 72.47127096436813 19.81
1982 72.50782679694827 19.82
1983 72.54438427070664 19.83
1984 72.58094348055384 19.84
1985 72.6175026285363 19.85
1986 72.65406043117196 19.86
1987 72.69061523574268 19.87
1988 72.72717292656169 19.88
1989 72.76372960500458 19.89
1990 72.80028472452975 19.9
1991 72.83683958344056 19.91
1992 72.87339437730297 19.92
1993 72.90994875789124 19.93
1994 72.9465028954058 19.94
1995 72.98305198806068 19.95
1996 73.01960114717635 19.96
1997 73.05615138390296 19.97
1998 73.09269986330742 19.98
1999 73.12925200064059 19.99
2000 73.16580549782 20
2001 73.20235888107011 20.01
2002 73.23891220388202 20.02
2003 73.27546730023431 20.03
2004 73.31202150649709 20.04
2005 73.34857588754444 20.05
2006 73.38513044117248 20.06
2007 73.4216845641174 20.07
2008 73.45823873308925 20.08
2009 73.49479235235037 20.09
2010 73.53134659966673 20.1
2011 73.56790244906861 20.11
2012 73.60445923146193 20.12
2013 73.64101808012504 20.13
2014 73.67757664987772 20.14
2015 73.71413182560313 20.15
2016 73.75068819188547 20.16
2017 73.78724361879192 20.17
2018 73.82379955661423 20.18
2019 73.86035374508336 20.19
2020 73.89690865012858 20.2
2021 73.933461535752 20.21
2022 73.97001432799327 20.22
2023 74.00656671455634 20.23
2024 74.04311917467781 20.24
2025 74.07966902504921 20.25
2026 74.11622425156057 20.26
2027 74.15277967961765 20.27
2028 74.1893349456696 20.28
2029 74.22589136621237 20.29
2030 74.26247219105701 20.3
2031 74.29904336707207 20.31
2032 74.33559550054719 20.32
2033 74.37215269522831 20.33
2034 74.4087079263319 20.34
2035 74.44526230931852 20.35
2036 74.48181668681332 20.36
2037 74.51837044889388 20.37
2038 74.55492448853248 20.38
2039 74.59147770489926 20.39
2040 74.62803190777827 20.4
2041 74.66458680326132 20.41
2042 74.70114009443216 20.42
2043 74.7376949952225 20.43
2044 74.77424788129913 20.44
2045 74.81080505523876 20.45
2046 74.84736107157866 20.46
2047 74.88391628929453 20.47
2048 74.92047208387005 20.48
2049 74.95702585225847 20.49
2050 74.99357814665942 20.5
2051 75.03013145893556 20.51
2052 75.06668475226498 20.52
2053 75.103236591079 20.53
2054 75.1397868549364 20.54
2055 75.17633526538938 20.55
2056 75.21288335170559 20.56
2057 75.24943689826392 20.57
2058 75.28598993607466 20.58
2059 75.32254375424246 20.59
2060 75.35909435880514 20.6
2061 75.39564669036285 20.61
2062 75.43220095558051 20.62
2063 75.46875930094501 20.63
2064 75.50531191035581 20.64
2065 75.5418664053125 20.65
2066 75.57842080757268 20.66
2067 75.61497562972043 20.67
2068 75.65152953982724 20.68
2069 75.68808386357472 20.69
2070 75.72463510562659 20.7
2071 75.76118260286461 20.71
2072 75.79773910501908 20.72
2073 75.83429114997008 20.73
2074 75.87085327732215 20.74
2075 75.90740976861574 20.75
2076 75.9439650950022 20.76
2077 75.9805208459519 20.77
2078 76.01707117663079 20.78
2079 76.05362452346114 20.79
2080 76.09016649631874 20.8
2081 76.12671994098136 20.81
2082 76.16327309293159 20.82
2083 76.1998234105339 20.83
2084 76.23637520036309 20.84
2085 76.27292676629808 20.85
2086 76.30947559882884 20.86
2087 76.34603173811777 20.87
2088 76.38258428018237 20.88
2089 76.41913971140482 20.89
2090 76.45569407946833 20.9
2091 76.49224765430282 20.91
2092 76.52880034833429 20.92
2093 76.56534898280736 20.93
2094 76.60190285234482 20.94
2095 76.63845682847996 20.95
2096 76.6750085127388 20.96
2097 76.71156063604619 20.97
2098 76.74811090871981 20.98
2099 76.78466267235602 20.99
2100 76.82121501507871 21
2101 76.85776699679394 21.01
2102 76.89432151088086 21.02
2103 76.93087909785061 21.03
2104 76.9674370760073 21.04
2105 77.00399051738111 21.05
2106 77.04054464439153 21.06
2107 77.07709874310501 21.07
2108 77.11365347602096 21.08
2109 77.15020354021479 21.09
2110 77.18675577798231 21.1
2111 77.22330793518789 21.11
2112 77.25985821876603 21.12
2113 77.29640883756963 21.13
2114 77.33295958983253 21.14
2115 77.36951028949821 21.15
2116 77.40605551358375 21.16
2117 77.44260226161151 21.17
2118 77.47915192620687 21.18
2119 77.51570896521295 21.19
2120 77.55226919838952 21.2
2121 77.5888266214161 21.21
2122 77.62538234657931 21.22
2123 77.66193140250702 21.23
2124 77.69848479894256 21.24
2125 77.73504211435764 21.25
2126 77.77159452471953 21.26
2127 77.80814670987169 21.27
2128 77.84469697576408 21.28
2129 77.8812444834397 21.29
2130 77.91779474986936 21.3
2131 77.95434489989871 21.31
2132 77.9908957496238 21.32
2133 78.0274549037142 21.33
2134 78.06400393891289 21.34
2135 78.10055774795563 21.35
2136 78.13710863919276 21.36
2137 78.17366224312083 21.37
2138 78.21021673163412 21.38
2139 78.24677169766954 21.39
2140 78.28332362438704 21.4
2141 78.31986590892431 21.41
2142 78.35641692518111 21.42
2143 78.39296720486414 21.43
2144 78.42951735995898 21.44
2145 78.46606726261176 21.45
2146 78.50261605984764 21.46
2147 78.53916470396311 21.47
2148 78.57571570414585 21.48
2149 78.61226707249037 21.49
2150 78.64881996994443 21.5
2151 78.68537321267735 21.51
2152 78.72192506220982 21.52
2153 78.75847769351044 21.53
2154 78.79502915525637 21.54
2155 78.83158008673772 21.55
2156 78.86813100637143 21.56
2157 78.90468150848174 21.57
2158 78.9412313542999 21.58
2159 78.97778077049439 21.59
2160 79.01432922478575 21.6
2161 79.05087804123241 21.61
2162 79.08742690574145 21.62
2163 79.12397036038425 21.63
2164 79.16052268212509 21.64
2165 79.19707660282586 21.65
2166 79.23363190956539 21.66
2167 79.27014832105064 21.67
2168 79.30670379713254 21.68
2169 79.3432558529791 21.69
2170 79.37980603969831 21.7
2171 79.41635293457031 21.71
2172 79.4529022934765 21.72
2173 79.4894513161168 21.73
2174 79.52599978884022 21.74
2175 79.56254869247462 21.75
2176 79.59909690682525 21.76
2177 79.63564511794657 21.77
2178 79.67219672920906 21.78
2179 79.70874578946251 21.79
2180 79.74529445497251 21.8
2181 79.78184718813772 21.81
2182 79.81839688161591 21.82
2183 79.85494573110174 21.83
2184 79.89149590197982 21.84
2185 79.92804530371654 21.85
2186 79.96459603584356 21.86
2187 80.00114726590616 21.87
